SLURM_JOB_NODELIST: rg[21701,31606]
HEAD_NODE: rg21701
MASTER_ADDR: rg21701
MASTER_PORT: 29500
HF_HOME: None
HF_HOME: None
HF_HUB_CACHE: None
HF_HUB_CACHE: None
TRITON_CACHE_DIR: None
TRITON_CACHE_DIR: None
FLASHINFER_WORKSPACE_BASE: None
FLASHINFER_WORKSPACE_BASE: None
BEST_GPU: None
BEST_GPU: None
TORCH_EXTENSIONS_DIR: None
TORCH_EXTENSIONS_DIR: None
SIF_FILE: None
SIF_FILE: None
MEDIA_DIR: None
MEDIA_DIR: None
VENV_LLAMAFACTORY: None
RUNNING_MODE: APPTAINER
VENV_LLAMAFACTORY: None
RUNNING_MODE: APPTAINER
Invalid cluster: VENV
Invalid cluster: VENV
srun: error: rg21701: task 0: Exited with exit code 1
srun: Terminating StepId=13353315.0
srun: error: rg31606: task 1: Exited with exit code 1
