
======== GPU REPORT ========

==============NVSMI LOG==============

Timestamp                                 : Mon Apr 13 13:32:25 2026
Driver Version                            : 570.211.01
CUDA Version                              : 12.8

Attached GPUs                             : 4
GPU 00000000:4E:00.0
    Accounting Mode                       : Enabled
    Accounting Mode Buffer Size           : 4000
    Accounted Processes
        Process ID                        : 2864190
            GPU Utilization               : 0 %
            Memory Utilization            : 0 %
            Max memory usage              : 1820 MiB
            Time                          : 0 ms
            Is Running                    : 1

GPU 00000000:5F:00.0
    Accounting Mode                       : Enabled
    Accounting Mode Buffer Size           : 4000
    Accounted Processes
        Process ID                        : 2864191
            GPU Utilization               : 96 %
            Memory Utilization            : 0 %
            Max memory usage              : 1924 MiB
            Time                          : 0 ms
            Is Running                    : 1

GPU 00000000:CB:00.0
    Accounting Mode                       : Enabled
    Accounting Mode Buffer Size           : 4000
    Accounted Processes
        Process ID                        : 2864192
            GPU Utilization               : 97 %
            Memory Utilization            : 0 %
            Max memory usage              : 1924 MiB
            Time                          : 0 ms
            Is Running                    : 1

GPU 00000000:DB:00.0
    Accounting Mode                       : Enabled
    Accounting Mode Buffer Size           : 4000
    Accounted Processes
        Process ID                        : 2864193
            GPU Utilization               : 96 %
            Memory Utilization            : 0 %
            Max memory usage              : 1820 MiB
            Time                          : 0 ms
            Is Running                    : 1

Mon Apr 13 13:32:25 2026       
+-----------------------------------------------------------------------------------------+
| NVIDIA-SMI 570.211.01             Driver Version: 570.211.01     CUDA Version: 12.8     |
|-----------------------------------------+------------------------+----------------------+
| GPU  Name                 Persistence-M | Bus-Id          Disp.A | Volatile Uncorr. ECC |
| Fan  Temp   Perf          Pwr:Usage/Cap |           Memory-Usage | GPU-Util  Compute M. |
|                                         |                        |               MIG M. |
|=========================================+========================+======================|
|   0  NVIDIA H100 80GB HBM3          On  |   00000000:4E:00.0 Off |                    0 |
| N/A   40C    P0            119W /  700W |    1831MiB /  81559MiB |      0%      Default |
|                                         |                        |             Disabled |
+-----------------------------------------+------------------------+----------------------+
|   1  NVIDIA H100 80GB HBM3          On  |   00000000:5F:00.0 Off |                    0 |
| N/A   39C    P0            121W /  700W |    1935MiB /  81559MiB |    100%      Default |
|                                         |                        |             Disabled |
+-----------------------------------------+------------------------+----------------------+
|   2  NVIDIA H100 80GB HBM3          On  |   00000000:CB:00.0 Off |                    0 |
| N/A   40C    P0            124W /  700W |    1935MiB /  81559MiB |    100%      Default |
|                                         |                        |             Disabled |
+-----------------------------------------+------------------------+----------------------+
|   3  NVIDIA H100 80GB HBM3          On  |   00000000:DB:00.0 Off |                    0 |
| N/A   40C    P0            118W /  700W |    1831MiB /  81559MiB |    100%      Default |
|                                         |                        |             Disabled |
+-----------------------------------------+------------------------+----------------------+
                                                                                         
+-----------------------------------------------------------------------------------------+
| Processes:                                                                              |
|  GPU   GI   CI              PID   Type   Process name                        GPU Memory |
|        ID   ID                                                               Usage      |
|=========================================================================================|
|    0   N/A  N/A         2864190      C   /opt/conda/bin/python3.11              1820MiB |
|    1   N/A  N/A         2864191      C   /opt/conda/bin/python3.11              1924MiB |
|    2   N/A  N/A         2864192      C   /opt/conda/bin/python3.11              1924MiB |
|    3   N/A  N/A         2864193      C   /opt/conda/bin/python3.11              1820MiB |
+-----------------------------------------------------------------------------------------+
