HF_HOME: /scratch/indrisch/huggingface/hub
HF_HUB_CACHE: /scratch/indrisch/huggingface/hub
TRITON_CACHE_DIR: /project/def-wangcs/indrisch/.triton_cache
FLASHINFER_WORKSPACE_BASE: /project/def-wangcs/indrisch/
BEST_GPU: h100
TORCH_EXTENSIONS_DIR: None
RUNNING_MODE: VENV
Copying venv to local storage...
=== VENV DIAGNOSTICS ===
HOSTNAME: rg32303
CUDA_VISIBLE_DEVICES: 0,1,2,3
SLURM_GPUS: 
SLURM_JOB_GPUS: 0,1,2,3
Sun Mar 22 11:10:55 2026       
+-----------------------------------------------------------------------------------------+
| NVIDIA-SMI 570.211.01             Driver Version: 570.211.01     CUDA Version: 12.8     |
|-----------------------------------------+------------------------+----------------------+
| GPU  Name                 Persistence-M | Bus-Id          Disp.A | Volatile Uncorr. ECC |
| Fan  Temp   Perf          Pwr:Usage/Cap |           Memory-Usage | GPU-Util  Compute M. |
|                                         |                        |               MIG M. |
|=========================================+========================+======================|
|   0  NVIDIA H100 80GB HBM3          Off |   00000000:4E:00.0 Off |                    0 |
| N/A   34C    P0             68W /  700W |       0MiB /  81559MiB |      0%      Default |
|                                         |                        |             Disabled |
+-----------------------------------------+------------------------+----------------------+
|   1  NVIDIA H100 80GB HBM3          Off |   00000000:5F:00.0 Off |                    0 |
| N/A   33C    P0             70W /  700W |       0MiB /  81559MiB |      0%      Default |
|                                         |                        |             Disabled |
+-----------------------------------------+------------------------+----------------------+
|   2  NVIDIA H100 80GB HBM3          Off |   00000000:CB:00.0 Off |                    0 |
| N/A   33C    P0             70W /  700W |       0MiB /  81559MiB |      0%      Default |
|                                         |                        |             Disabled |
+-----------------------------------------+------------------------+----------------------+
|   3  NVIDIA H100 80GB HBM3          Off |   00000000:DB:00.0 Off |                    0 |
| N/A   33C    P0             69W /  700W |       0MiB /  81559MiB |      0%      Default |
|                                         |                        |             Disabled |
+-----------------------------------------+------------------------+----------------------+
                                                                                         
+-----------------------------------------------------------------------------------------+
| Processes:                                                                              |
|  GPU   GI   CI              PID   Type   Process name                        GPU Memory |
|        ID   ID                                                               Usage      |
|=========================================================================================|
|  No running processes found                                                             |
+-----------------------------------------------------------------------------------------+
CUDA available: True
Device count: 4
=== END VENV DIAGNOSTICS ===
/scratch/indrisch/LLaMA-Factory /scratch/indrisch/LLaMA-Factory/models/qwen2_5vl_lora_sft_Scene30k
[INFO|2026-03-22 11:11:11] llamafactory.launcher:143 >> Initializing 4 distributed tasks at: 127.0.0.1:60239
W0322 11:11:13.279000 348476 torch/distributed/run.py:803] 
W0322 11:11:13.279000 348476 torch/distributed/run.py:803] *****************************************
W0322 11:11:13.279000 348476 torch/distributed/run.py:803] Setting OMP_NUM_THREADS environment variable for each process to be 1 in default, to avoid your system being overloaded, please further tune the variable for optimal performance in your application as needed. 
W0322 11:11:13.279000 348476 torch/distributed/run.py:803] *****************************************
[DEBUG template.py] Module template.py loaded completely. Total templates registered: 120
[DEBUG template.py] videor1 template registered: True
[DEBUG template.py] Module template.py loaded completely. Total templates registered: 120[DEBUG template.py] videor1 template details: Template(format_user=StringFormatter(slots=['<|im_start|>user\n{{content}}<|im_end|>\n<|im_start|>assistant\n'], tool_format=None), format_assistant=StringFormatter(slots=['{{content}}<|im_end|>\n'], tool_format=None), format_system=StringFormatter(slots=['<|im_start|>system\n{{content}}<|im_end|>\n'], tool_format=None), format_function=FunctionFormatter(slots=['{{content}}<|im_end|>\n'], tool_format='qwen'), format_observation=StringFormatter(slots=['<|im_start|>user\n<tool_response>\n{{content}}\n</tool_response><|im_end|>\n<|im_start|>assistant\n'], tool_format=None), format_tools=ToolFormatter(slots=[], tool_format='qwen'), format_prefix=EmptyFormatter(slots=[], tool_format=None), default_system='You are a helpful assistant.', stop_words=['<|im_end|>'], thought_words=('<think>\n', '\n</think>\n\n'), efficient_eos=False, replace_eos=True, replace_jinja_template=False, enable_thinking=True, mm_plugin=Videor1Plugin(image_token='<|image_pad|>', video_token='<|video_pad|>', audio_token=None, expand_mm_tokens=True, vision_bos_token='<|vision_start|>', vision_eos_token='<|vision_end|>'))

[DEBUG template.py] videor1 template registered: True
[DEBUG template.py] videor1 template details: Template(format_user=StringFormatter(slots=['<|im_start|>user\n{{content}}<|im_end|>\n<|im_start|>assistant\n'], tool_format=None), format_assistant=StringFormatter(slots=['{{content}}<|im_end|>\n'], tool_format=None), format_system=StringFormatter(slots=['<|im_start|>system\n{{content}}<|im_end|>\n'], tool_format=None), format_function=FunctionFormatter(slots=['{{content}}<|im_end|>\n'], tool_format='qwen'), format_observation=StringFormatter(slots=['<|im_start|>user\n<tool_response>\n{{content}}\n</tool_response><|im_end|>\n<|im_start|>assistant\n'], tool_format=None), format_tools=ToolFormatter(slots=[], tool_format='qwen'), format_prefix=EmptyFormatter(slots=[], tool_format=None), default_system='You are a helpful assistant.', stop_words=['<|im_end|>'], thought_words=('<think>\n', '\n</think>\n\n'), efficient_eos=False, replace_eos=True, replace_jinja_template=False, enable_thinking=True, mm_plugin=Videor1Plugin(image_token='<|image_pad|>', video_token='<|video_pad|>', audio_token=None, expand_mm_tokens=True, vision_bos_token='<|vision_start|>', vision_eos_token='<|vision_end|>'))
[DEBUG template.py] Module template.py loaded completely. Total templates registered: 120
[DEBUG template.py] videor1 template registered: True
[DEBUG template.py] Module template.py loaded completely. Total templates registered: 120[DEBUG template.py] videor1 template details: Template(format_user=StringFormatter(slots=['<|im_start|>user\n{{content}}<|im_end|>\n<|im_start|>assistant\n'], tool_format=None), format_assistant=StringFormatter(slots=['{{content}}<|im_end|>\n'], tool_format=None), format_system=StringFormatter(slots=['<|im_start|>system\n{{content}}<|im_end|>\n'], tool_format=None), format_function=FunctionFormatter(slots=['{{content}}<|im_end|>\n'], tool_format='qwen'), format_observation=StringFormatter(slots=['<|im_start|>user\n<tool_response>\n{{content}}\n</tool_response><|im_end|>\n<|im_start|>assistant\n'], tool_format=None), format_tools=ToolFormatter(slots=[], tool_format='qwen'), format_prefix=EmptyFormatter(slots=[], tool_format=None), default_system='You are a helpful assistant.', stop_words=['<|im_end|>'], thought_words=('<think>\n', '\n</think>\n\n'), efficient_eos=False, replace_eos=True, replace_jinja_template=False, enable_thinking=True, mm_plugin=Videor1Plugin(image_token='<|image_pad|>', video_token='<|video_pad|>', audio_token=None, expand_mm_tokens=True, vision_bos_token='<|vision_start|>', vision_eos_token='<|vision_end|>'))

[DEBUG template.py] videor1 template registered: True
[DEBUG template.py] videor1 template details: Template(format_user=StringFormatter(slots=['<|im_start|>user\n{{content}}<|im_end|>\n<|im_start|>assistant\n'], tool_format=None), format_assistant=StringFormatter(slots=['{{content}}<|im_end|>\n'], tool_format=None), format_system=StringFormatter(slots=['<|im_start|>system\n{{content}}<|im_end|>\n'], tool_format=None), format_function=FunctionFormatter(slots=['{{content}}<|im_end|>\n'], tool_format='qwen'), format_observation=StringFormatter(slots=['<|im_start|>user\n<tool_response>\n{{content}}\n</tool_response><|im_end|>\n<|im_start|>assistant\n'], tool_format=None), format_tools=ToolFormatter(slots=[], tool_format='qwen'), format_prefix=EmptyFormatter(slots=[], tool_format=None), default_system='You are a helpful assistant.', stop_words=['<|im_end|>'], thought_words=('<think>\n', '\n</think>\n\n'), efficient_eos=False, replace_eos=True, replace_jinja_template=False, enable_thinking=True, mm_plugin=Videor1Plugin(image_token='<|image_pad|>', video_token='<|video_pad|>', audio_token=None, expand_mm_tokens=True, vision_bos_token='<|vision_start|>', vision_eos_token='<|vision_end|>'))
[WARNING|2026-03-22 11:11:23] llamafactory.extras.misc:154 >> Version checking has been disabled, may lead to unexpected behaviors.
⚙️  Running in WANDB offline mode
⚙️  Running in WANDB offline mode
⚙️  Running in WANDB offline mode
⚙️  Running in WANDB offline mode
[2026-03-22 11:11:24,596] [INFO] [real_accelerator.py:222:get_accelerator] Setting ds_accelerator to cuda (auto detect)
[2026-03-22 11:11:24,596] [INFO] [real_accelerator.py:222:get_accelerator] Setting ds_accelerator to cuda (auto detect)
[2026-03-22 11:11:24,596] [INFO] [real_accelerator.py:222:get_accelerator] Setting ds_accelerator to cuda (auto detect)
[2026-03-22 11:11:24,596] [INFO] [real_accelerator.py:222:get_accelerator] Setting ds_accelerator to cuda (auto detect)
df: df: df: df: /localscratch/indrisch.8620077.0/.triton_cache/localscratch/indrisch.8620077.0/.triton_cache/localscratch/indrisch.8620077.0/.triton_cache/localscratch/indrisch.8620077.0/.triton_cache: No such file or directory: No such file or directory
: No such file or directory
: No such file or directory

/scratch/indrisch/venv_llamafactory_cu126/lib/python3.12/site-packages/jieba/_compat.py:18: UserWarning: pkg_resources is deprecated as an API. See https://setuptools.pypa.io/en/latest/pkg_resources.html. The pkg_resources package is slated for removal as early as 2025-11-30. Refrain from using this package or pin to Setuptools<81.
  import pkg_resources
/scratch/indrisch/venv_llamafactory_cu126/lib/python3.12/site-packages/jieba/_compat.py:18: UserWarning: pkg_resources is deprecated as an API. See https://setuptools.pypa.io/en/latest/pkg_resources.html. The pkg_resources package is slated for removal as early as 2025-11-30. Refrain from using this package or pin to Setuptools<81.
  import pkg_resources
/scratch/indrisch/venv_llamafactory_cu126/lib/python3.12/site-packages/jieba/_compat.py:18: UserWarning: pkg_resources is deprecated as an API. See https://setuptools.pypa.io/en/latest/pkg_resources.html. The pkg_resources package is slated for removal as early as 2025-11-30. Refrain from using this package or pin to Setuptools<81.
  import pkg_resources
/scratch/indrisch/venv_llamafactory_cu126/lib/python3.12/site-packages/jieba/_compat.py:18: UserWarning: pkg_resources is deprecated as an API. See https://setuptools.pypa.io/en/latest/pkg_resources.html. The pkg_resources package is slated for removal as early as 2025-11-30. Refrain from using this package or pin to Setuptools<81.
  import pkg_resources
[2026-03-22 11:11:27,822] [INFO] [comm.py:658:init_distributed] cdb=None
[2026-03-22 11:11:27,823] [INFO] [comm.py:689:init_distributed] Initializing TorchBackend in DeepSpeed with backend nccl
[2026-03-22 11:11:27,823] [INFO] [comm.py:658:init_distributed] cdb=None
[2026-03-22 11:11:27,823] [INFO] [comm.py:658:init_distributed] cdb=None
[2026-03-22 11:11:27,823] [INFO] [comm.py:658:init_distributed] cdb=None
[W322 11:11:27.552744304 ProcessGroupNCCL.cpp:924] Warning: TORCH_NCCL_AVOID_RECORD_STREAMS is the default now, this environment variable is thus deprecated. (function operator())
[W322 11:11:27.552865599 ProcessGroupNCCL.cpp:924] Warning: TORCH_NCCL_AVOID_RECORD_STREAMS is the default now, this environment variable is thus deprecated. (function operator())
[W322 11:11:27.552934709 ProcessGroupNCCL.cpp:924] Warning: TORCH_NCCL_AVOID_RECORD_STREAMS is the default now, this environment variable is thus deprecated. (function operator())
[W322 11:11:27.553091199 ProcessGroupNCCL.cpp:924] Warning: TORCH_NCCL_AVOID_RECORD_STREAMS is the default now, this environment variable is thus deprecated. (function operator())
[INFO|2026-03-22 11:11:28] llamafactory.hparams.parser:143 >> Set `ddp_find_unused_parameters` to False in DDP training since LoRA is enabled.
[INFO|2026-03-22 11:11:28] llamafactory.hparams.parser:455 >> Process rank: 0, world size: 4, device: cuda:0, distributed training: True, compute dtype: torch.bfloat16
[INFO|2026-03-22 11:11:28] llamafactory.hparams.parser:455 >> Process rank: 2, world size: 4, device: cuda:2, distributed training: True, compute dtype: torch.bfloat16
[INFO|2026-03-22 11:11:28] llamafactory.hparams.parser:455 >> Process rank: 3, world size: 4, device: cuda:3, distributed training: True, compute dtype: torch.bfloat16
[INFO|2026-03-22 11:11:28] llamafactory.hparams.parser:455 >> Process rank: 1, world size: 4, device: cuda:1, distributed training: True, compute dtype: torch.bfloat16
[INFO|hub.py:421] 2026-03-22 11:11:28,804 >> Offline mode: forcing local_files_only=True
[INFO|tokenization_utils_base.py:1949] 2026-03-22 11:11:28,819 >> Offline mode: forcing local_files_only=True
[INFO|tokenization_utils_base.py:2095] 2026-03-22 11:11:28,827 >> loading file vocab.json from cache at /scratch/indrisch/huggingface/hub/models--Qwen--Qwen2.5-VL-7B-Instruct/snapshots/cc594898137f460bfe9f0759e9844b3ce807cfb5/vocab.json
[INFO|tokenization_utils_base.py:2095] 2026-03-22 11:11:28,827 >> loading file merges.txt from cache at /scratch/indrisch/huggingface/hub/models--Qwen--Qwen2.5-VL-7B-Instruct/snapshots/cc594898137f460bfe9f0759e9844b3ce807cfb5/merges.txt
[INFO|tokenization_utils_base.py:2095] 2026-03-22 11:11:28,827 >> loading file tokenizer.json from cache at /scratch/indrisch/huggingface/hub/models--Qwen--Qwen2.5-VL-7B-Instruct/snapshots/cc594898137f460bfe9f0759e9844b3ce807cfb5/tokenizer.json
[INFO|tokenization_utils_base.py:2095] 2026-03-22 11:11:28,827 >> loading file added_tokens.json from cache at None
[INFO|tokenization_utils_base.py:2095] 2026-03-22 11:11:28,827 >> loading file special_tokens_map.json from cache at None
[INFO|tokenization_utils_base.py:2095] 2026-03-22 11:11:28,827 >> loading file tokenizer_config.json from cache at /scratch/indrisch/huggingface/hub/models--Qwen--Qwen2.5-VL-7B-Instruct/snapshots/cc594898137f460bfe9f0759e9844b3ce807cfb5/tokenizer_config.json
[INFO|tokenization_utils_base.py:2095] 2026-03-22 11:11:28,827 >> loading file chat_template.jinja from cache at None
[INFO|tokenization_utils_base.py:2364] 2026-03-22 11:11:29,043 >> Special tokens have been added in the vocabulary, make sure the associated word embeddings are fine-tuned or trained.
[INFO|hub.py:421] 2026-03-22 11:11:29,043 >> Offline mode: forcing local_files_only=True
[INFO|hub.py:421] 2026-03-22 11:11:29,044 >> Offline mode: forcing local_files_only=True
[INFO|image_processing_base.py:316] 2026-03-22 11:11:29,046 >> Offline mode: forcing local_files_only=True
[INFO|image_processing_base.py:383] 2026-03-22 11:11:29,047 >> loading configuration file preprocessor_config.json from cache at /scratch/indrisch/huggingface/hub/models--Qwen--Qwen2.5-VL-7B-Instruct/snapshots/cc594898137f460bfe9f0759e9844b3ce807cfb5/preprocessor_config.json
[INFO|image_processing_base.py:316] 2026-03-22 11:11:29,051 >> Offline mode: forcing local_files_only=True
[INFO|image_processing_base.py:383] 2026-03-22 11:11:29,052 >> loading configuration file preprocessor_config.json from cache at /scratch/indrisch/huggingface/hub/models--Qwen--Qwen2.5-VL-7B-Instruct/snapshots/cc594898137f460bfe9f0759e9844b3ce807cfb5/preprocessor_config.json
[INFO|image_processing_base.py:428] 2026-03-22 11:11:29,060 >> Image processor Qwen2VLImageProcessorFast {
  "crop_size": null,
  "data_format": "channels_first",
  "default_to_square": true,
  "device": null,
  "disable_grouping": null,
  "do_center_crop": null,
  "do_convert_rgb": true,
  "do_normalize": true,
  "do_pad": null,
  "do_rescale": true,
  "do_resize": true,
  "image_mean": [
    0.48145466,
    0.4578275,
    0.40821073
  ],
  "image_processor_type": "Qwen2VLImageProcessorFast",
  "image_std": [
    0.26862954,
    0.26130258,
    0.27577711
  ],
  "input_data_format": null,
  "max_pixels": 12845056,
  "merge_size": 2,
  "min_pixels": 3136,
  "pad_size": null,
  "patch_size": 14,
  "processor_class": "Qwen2_5_VLProcessor",
  "resample": 3,
  "rescale_factor": 0.00392156862745098,
  "return_tensors": null,
  "size": {
    "longest_edge": 12845056,
    "shortest_edge": 3136
  },
  "temporal_patch_size": 2
}

[INFO|tokenization_utils_base.py:1949] 2026-03-22 11:11:29,060 >> Offline mode: forcing local_files_only=True
[INFO|tokenization_utils_base.py:2095] 2026-03-22 11:11:29,063 >> loading file vocab.json from cache at /scratch/indrisch/huggingface/hub/models--Qwen--Qwen2.5-VL-7B-Instruct/snapshots/cc594898137f460bfe9f0759e9844b3ce807cfb5/vocab.json
[INFO|tokenization_utils_base.py:2095] 2026-03-22 11:11:29,063 >> loading file merges.txt from cache at /scratch/indrisch/huggingface/hub/models--Qwen--Qwen2.5-VL-7B-Instruct/snapshots/cc594898137f460bfe9f0759e9844b3ce807cfb5/merges.txt
[INFO|tokenization_utils_base.py:2095] 2026-03-22 11:11:29,063 >> loading file tokenizer.json from cache at /scratch/indrisch/huggingface/hub/models--Qwen--Qwen2.5-VL-7B-Instruct/snapshots/cc594898137f460bfe9f0759e9844b3ce807cfb5/tokenizer.json
[INFO|tokenization_utils_base.py:2095] 2026-03-22 11:11:29,064 >> loading file added_tokens.json from cache at None
[INFO|tokenization_utils_base.py:2095] 2026-03-22 11:11:29,064 >> loading file special_tokens_map.json from cache at None
[INFO|tokenization_utils_base.py:2095] 2026-03-22 11:11:29,064 >> loading file tokenizer_config.json from cache at /scratch/indrisch/huggingface/hub/models--Qwen--Qwen2.5-VL-7B-Instruct/snapshots/cc594898137f460bfe9f0759e9844b3ce807cfb5/tokenizer_config.json
[INFO|tokenization_utils_base.py:2095] 2026-03-22 11:11:29,064 >> loading file chat_template.jinja from cache at None
[INFO|tokenization_utils_base.py:2364] 2026-03-22 11:11:29,271 >> Special tokens have been added in the vocabulary, make sure the associated word embeddings are fine-tuned or trained.
[INFO|video_processing_utils.py:660] 2026-03-22 11:11:29,272 >> Offline mode: forcing local_files_only=True
[INFO|video_processing_utils.py:726] 2026-03-22 11:11:29,274 >> loading configuration file video_preprocessor_config.json from cache at /scratch/indrisch/huggingface/hub/models--Qwen--Qwen2.5-VL-7B-Instruct/snapshots/cc594898137f460bfe9f0759e9844b3ce807cfb5/preprocessor_config.json
[INFO|video_processing_utils.py:770] 2026-03-22 11:11:29,278 >> Video processor Qwen2VLVideoProcessor {
  "crop_size": null,
  "data_format": "channels_first",
  "default_to_square": true,
  "device": null,
  "do_center_crop": null,
  "do_convert_rgb": true,
  "do_normalize": true,
  "do_rescale": true,
  "do_resize": true,
  "do_sample_frames": false,
  "fps": null,
  "image_mean": [
    0.48145466,
    0.4578275,
    0.40821073
  ],
  "image_std": [
    0.26862954,
    0.26130258,
    0.27577711
  ],
  "input_data_format": null,
  "max_frames": 768,
  "max_pixels": 12845056,
  "merge_size": 2,
  "min_frames": 4,
  "min_pixels": 3136,
  "num_frames": null,
  "pad_size": null,
  "patch_size": 14,
  "processor_class": "Qwen2_5_VLProcessor",
  "resample": 3,
  "rescale_factor": 0.00392156862745098,
  "return_metadata": false,
  "size": {
    "longest_edge": 12845056,
    "shortest_edge": 3136
  },
  "temporal_patch_size": 2,
  "video_metadata": null,
  "video_processor_type": "Qwen2VLVideoProcessor"
}

[INFO|processing_utils.py:928] 2026-03-22 11:11:29,279 >> Offline mode: forcing local_files_only=True
[INFO|processing_utils.py:1116] 2026-03-22 11:11:29,283 >> loading configuration file processor_config.json from cache at None
[INFO|processing_utils.py:1199] 2026-03-22 11:11:29,652 >> Processor Qwen2_5_VLProcessor:
- image_processor: Qwen2VLImageProcessorFast {
  "crop_size": null,
  "data_format": "channels_first",
  "default_to_square": true,
  "device": null,
  "disable_grouping": null,
  "do_center_crop": null,
  "do_convert_rgb": true,
  "do_normalize": true,
  "do_pad": null,
  "do_rescale": true,
  "do_resize": true,
  "image_mean": [
    0.48145466,
    0.4578275,
    0.40821073
  ],
  "image_processor_type": "Qwen2VLImageProcessorFast",
  "image_std": [
    0.26862954,
    0.26130258,
    0.27577711
  ],
  "input_data_format": null,
  "max_pixels": 12845056,
  "merge_size": 2,
  "min_pixels": 3136,
  "pad_size": null,
  "patch_size": 14,
  "processor_class": "Qwen2_5_VLProcessor",
  "resample": 3,
  "rescale_factor": 0.00392156862745098,
  "return_tensors": null,
  "size": {
    "longest_edge": 12845056,
    "shortest_edge": 3136
  },
  "temporal_patch_size": 2
}

- tokenizer: Qwen2TokenizerFast(name_or_path='Qwen/Qwen2.5-VL-7B-Instruct', vocab_size=151643, model_max_length=131072, is_fast=True, padding_side='right', truncation_side='right', special_tokens={'eos_token': '<|im_end|>', 'pad_token': '<|endoftext|>', 'additional_special_tokens': ['<|im_start|>', '<|im_end|>', '<|object_ref_start|>', '<|object_ref_end|>', '<|box_start|>', '<|box_end|>', '<|quad_start|>', '<|quad_end|>', '<|vision_start|>', '<|vision_end|>', '<|vision_pad|>', '<|image_pad|>', '<|video_pad|>']}, clean_up_tokenization_spaces=False, added_tokens_decoder={
	151643: AddedToken("<|endoftext|>", rstrip=False, lstrip=False, single_word=False, normalized=False, special=True),
	151644: AddedToken("<|im_start|>", rstrip=False, lstrip=False, single_word=False, normalized=False, special=True),
	151645: AddedToken("<|im_end|>", rstrip=False, lstrip=False, single_word=False, normalized=False, special=True),
	151646: AddedToken("<|object_ref_start|>", rstrip=False, lstrip=False, single_word=False, normalized=False, special=True),
	151647: AddedToken("<|object_ref_end|>", rstrip=False, lstrip=False, single_word=False, normalized=False, special=True),
	151648: AddedToken("<|box_start|>", rstrip=False, lstrip=False, single_word=False, normalized=False, special=True),
	151649: AddedToken("<|box_end|>", rstrip=False, lstrip=False, single_word=False, normalized=False, special=True),
	151650: AddedToken("<|quad_start|>", rstrip=False, lstrip=False, single_word=False, normalized=False, special=True),
	151651: AddedToken("<|quad_end|>", rstrip=False, lstrip=False, single_word=False, normalized=False, special=True),
	151652: AddedToken("<|vision_start|>", rstrip=False, lstrip=False, single_word=False, normalized=False, special=True),
	151653: AddedToken("<|vision_end|>", rstrip=False, lstrip=False, single_word=False, normalized=False, special=True),
	151654: AddedToken("<|vision_pad|>", rstrip=False, lstrip=False, single_word=False, normalized=False, special=True),
	151655: AddedToken("<|image_pad|>", rstrip=False, lstrip=False, single_word=False, normalized=False, special=True),
	151656: AddedToken("<|video_pad|>", rstrip=False, lstrip=False, single_word=False, normalized=False, special=True),
	151657: AddedToken("<tool_call>", rstrip=False, lstrip=False, single_word=False, normalized=False, special=False),
	151658: AddedToken("</tool_call>", rstrip=False, lstrip=False, single_word=False, normalized=False, special=False),
	151659: AddedToken("<|fim_prefix|>", rstrip=False, lstrip=False, single_word=False, normalized=False, special=False),
	151660: AddedToken("<|fim_middle|>", rstrip=False, lstrip=False, single_word=False, normalized=False, special=False),
	151661: AddedToken("<|fim_suffix|>", rstrip=False, lstrip=False, single_word=False, normalized=False, special=False),
	151662: AddedToken("<|fim_pad|>", rstrip=False, lstrip=False, single_word=False, normalized=False, special=False),
	151663: AddedToken("<|repo_name|>", rstrip=False, lstrip=False, single_word=False, normalized=False, special=False),
	151664: AddedToken("<|file_sep|>", rstrip=False, lstrip=False, single_word=False, normalized=False, special=False),
}
)
- video_processor: Qwen2VLVideoProcessor {
  "crop_size": null,
  "data_format": "channels_first",
  "default_to_square": true,
  "device": null,
  "do_center_crop": null,
  "do_convert_rgb": true,
  "do_normalize": true,
  "do_rescale": true,
  "do_resize": true,
  "do_sample_frames": false,
  "fps": null,
  "image_mean": [
    0.48145466,
    0.4578275,
    0.40821073
  ],
  "image_std": [
    0.26862954,
    0.26130258,
    0.27577711
  ],
  "input_data_format": null,
  "max_frames": 768,
  "max_pixels": 12845056,
  "merge_size": 2,
  "min_frames": 4,
  "min_pixels": 3136,
  "num_frames": null,
  "pad_size": null,
  "patch_size": 14,
  "processor_class": "Qwen2_5_VLProcessor",
  "resample": 3,
  "rescale_factor": 0.00392156862745098,
  "return_metadata": false,
  "size": {
    "longest_edge": 12845056,
    "shortest_edge": 3136
  },
  "temporal_patch_size": 2,
  "video_metadata": null,
  "video_processor_type": "Qwen2VLVideoProcessor"
}


{
  "processor_class": "Qwen2_5_VLProcessor"
}

[DEBUG get_template_and_fix_tokenizer] Requested template: qwen2_vl
[DEBUG get_template_and_fix_tokenizer] Available templates: ['alpaca', 'aquila', 'atom', 'baichuan', 'baichuan2', 'bailing', 'bailing_v2', 'belle', 'bluelm', 'breeze', 'chatglm2', 'chatglm3', 'chatml', 'chatml_de', 'codegeex2', 'codegeex4', 'cohere', 'cpm', 'cpm3', 'cpm4']...
[DEBUG get_template_and_fix_tokenizer] Total templates registered: 120
[DEBUG get_template_and_fix_tokenizer] videor1 in TEMPLATES: True
[DEBUG get_template_and_fix_tokenizer] Requested template: qwen2_vl
[DEBUG get_template_and_fix_tokenizer] Available templates: ['alpaca', 'aquila', 'atom', 'baichuan', 'baichuan2', 'bailing', 'bailing_v2', 'belle', 'bluelm', 'breeze', 'chatglm2', 'chatglm3', 'chatml', 'chatml_de', 'codegeex2', 'codegeex4', 'cohere', 'cpm', 'cpm3', 'cpm4']...
[DEBUG get_template_and_fix_tokenizer] Total templates registered: 120
[DEBUG get_template_and_fix_tokenizer] videor1 in TEMPLATES: True
[DEBUG get_template_and_fix_tokenizer] Requested template: qwen2_vl
[DEBUG get_template_and_fix_tokenizer] Available templates: ['alpaca', 'aquila', 'atom', 'baichuan', 'baichuan2', 'bailing', 'bailing_v2', 'belle', 'bluelm', 'breeze', 'chatglm2', 'chatglm3', 'chatml', 'chatml_de', 'codegeex2', 'codegeex4', 'cohere', 'cpm', 'cpm3', 'cpm4']...
[DEBUG get_template_and_fix_tokenizer] Total templates registered: 120
[DEBUG get_template_and_fix_tokenizer] videor1 in TEMPLATES: True
[INFO|2026-03-22 11:11:29] llamafactory.data.loader:143 >> Loading dataset /scratch/indrisch/huggingface/hub/datasets--AIGeeksGroup--Scene-30K/snapshots/4dec3fdb6ff83357fbf6d93ec6fe0392df6a7152/Scene-30K.jsonl...
[DEBUG get_template_and_fix_tokenizer] Requested template: qwen2_vl
[DEBUG get_template_and_fix_tokenizer] Available templates: ['alpaca', 'aquila', 'atom', 'baichuan', 'baichuan2', 'bailing', 'bailing_v2', 'belle', 'bluelm', 'breeze', 'chatglm2', 'chatglm3', 'chatml', 'chatml_de', 'codegeex2', 'codegeex4', 'cohere', 'cpm', 'cpm3', 'cpm4']...
[DEBUG get_template_and_fix_tokenizer] Total templates registered: 120
[DEBUG get_template_and_fix_tokenizer] videor1 in TEMPLATES: True
`trust_remote_code` is not supported anymore.
Please check that the Hugging Face dataset 'json' isn't based on a loading script and remove `trust_remote_code`.
If the dataset is based on a loading script, please ask the dataset author to remove it and convert it to a standard format like Parquet.
Converting format of dataset (num_proc=32): 100%|██████████| 30238/30238 [00:00<?, ? examples/s]Converting format of dataset (num_proc=32): 31170 examples [00:00, 2692.98 examples/s]          Converting format of dataset (num_proc=32): 35160 examples [00:00, 13072.09 examples/s]Converting format of dataset (num_proc=32): 48505 examples [00:00, 46781.21 examples/s]Converting format of dataset (num_proc=32): 59762 examples [00:00, 62126.43 examples/s]Converting format of dataset (num_proc=32): 60476 examples [00:00, 38304.26 examples/s]
/scratch/indrisch/venv_llamafactory_cu126/lib/python3.12/site-packages/torch/distributed/distributed_c10d.py:4876: UserWarning: barrier(): using the device under current context. You can specify `device_id` in `init_process_group` to mute this warning.
  warnings.warn(  # warn only once
[rank0]:[W322 11:11:31.124422019 ProcessGroupNCCL.cpp:5072] Guessing device ID based on global rank. This can cause a hang if rank to GPU mapping is heterogeneous. You can specify device_id in init_process_group()
rg32303:348479:348479 [0] NCCL INFO Bootstrap: Using ib0:10.85.103.103<0>
rg32303:348479:348479 [0] NCCL INFO cudaDriverVersion 12080
rg32303:348479:348479 [0] NCCL INFO NCCL version 2.27.7+cuda12.6
rg32303:348479:348479 [0] NCCL INFO Comm config Blocking set to 1
rg32303:348480:348480 [1] NCCL INFO cudaDriverVersion 12080
rg32303:348481:348481 [2] NCCL INFO cudaDriverVersion 12080
rg32303:348480:348480 [1] NCCL INFO Bootstrap: Using ib0:10.85.103.103<0>
rg32303:348480:348480 [1] NCCL INFO NCCL version 2.27.7+cuda12.6
rg32303:348481:348481 [2] NCCL INFO Bootstrap: Using ib0:10.85.103.103<0>
rg32303:348481:348481 [2] NCCL INFO NCCL version 2.27.7+cuda12.6
rg32303:348482:348482 [3] NCCL INFO cudaDriverVersion 12080
rg32303:348480:348480 [1] NCCL INFO Comm config Blocking set to 1
rg32303:348482:348482 [3] NCCL INFO Bootstrap: Using ib0:10.85.103.103<0>
rg32303:348482:348482 [3] NCCL INFO NCCL version 2.27.7+cuda12.6
rg32303:348481:348481 [2] NCCL INFO Comm config Blocking set to 1
rg32303:348482:348482 [3] NCCL INFO Comm config Blocking set to 1
rg32303:348480:349142 [1] NCCL INFO NET/Plugin: Could not find: libnccl-net.so. 
rg32303:348479:349141 [0] NCCL INFO NET/Plugin: Could not find: libnccl-net.so. 
rg32303:348481:349143 [2] NCCL INFO NET/Plugin: Could not find: libnccl-net.so. 
rg32303:348482:349144 [3] NCCL INFO NET/Plugin: Could not find: libnccl-net.so. 
rg32303:348479:349141 [0] NCCL INFO NET/IB : Using [0]mlx5_0:1/IB [RO]; OOB ib0:10.85.103.103<0>
rg32303:348479:349141 [0] NCCL INFO Initialized NET plugin IB
rg32303:348480:349142 [1] NCCL INFO NET/IB : Using [0]mlx5_0:1/IB [RO]; OOB ib0:10.85.103.103<0>
rg32303:348480:349142 [1] NCCL INFO Initialized NET plugin IB
rg32303:348479:349141 [0] NCCL INFO Assigned NET plugin IB to comm
rg32303:348479:349141 [0] NCCL INFO Using network IB
rg32303:348480:349142 [1] NCCL INFO Assigned NET plugin IB to comm
rg32303:348480:349142 [1] NCCL INFO Using network IB
rg32303:348481:349143 [2] NCCL INFO NET/IB : Using [0]mlx5_0:1/IB [RO]; OOB ib0:10.85.103.103<0>
rg32303:348481:349143 [2] NCCL INFO Initialized NET plugin IB
rg32303:348481:349143 [2] NCCL INFO Assigned NET plugin IB to comm
rg32303:348481:349143 [2] NCCL INFO Using network IB
rg32303:348482:349144 [3] NCCL INFO NET/IB : Using [0]mlx5_0:1/IB [RO]; OOB ib0:10.85.103.103<0>
rg32303:348482:349144 [3] NCCL INFO Initialized NET plugin IB
rg32303:348482:349144 [3] NCCL INFO Assigned NET plugin IB to comm
rg32303:348482:349144 [3] NCCL INFO Using network IB
rg32303:348482:349144 [3] NCCL INFO ncclCommInitRankConfig comm 0x1874b7d0 rank 3 nranks 4 cudaDev 3 nvmlDev 3 busId db000 commId 0xa39cc69c5b8c037e - Init START
rg32303:348480:349142 [1] NCCL INFO ncclCommInitRankConfig comm 0x192353b0 rank 1 nranks 4 cudaDev 1 nvmlDev 1 busId 5f000 commId 0xa39cc69c5b8c037e - Init START
rg32303:348479:349141 [0] NCCL INFO ncclCommInitRankConfig comm 0x1145a750 rank 0 nranks 4 cudaDev 0 nvmlDev 0 busId 4e000 commId 0xa39cc69c5b8c037e - Init START
rg32303:348481:349143 [2] NCCL INFO ncclCommInitRankConfig comm 0x18c935e0 rank 2 nranks 4 cudaDev 2 nvmlDev 2 busId cb000 commId 0xa39cc69c5b8c037e - Init START
rg32303:348479:349141 [0] NCCL INFO RAS client listening socket at ::1<28028>
rg32303:348480:349142 [1] NCCL INFO RAS client listening socket at ::1<28028>
rg32303:348481:349143 [2] NCCL INFO RAS client listening socket at ::1<28028>
rg32303:348482:349144 [3] NCCL INFO RAS client listening socket at ::1<28028>
rg32303:348479:349141 [0] NCCL INFO Bootstrap timings total 0.001636 (create 0.000026, send 0.000091, recv 0.000202, ring 0.000178, delay 0.000000)
rg32303:348480:349142 [1] NCCL INFO Bootstrap timings total 0.001728 (create 0.000030, send 0.000081, recv 0.000399, ring 0.000146, delay 0.000000)
rg32303:348481:349143 [2] NCCL INFO Bootstrap timings total 0.001611 (create 0.000034, send 0.000075, recv 0.000327, ring 0.000063, delay 0.000000)
rg32303:348482:349144 [3] NCCL INFO Bootstrap timings total 0.002022 (create 0.000047, send 0.000187, recv 0.000432, ring 0.000054, delay 0.000000)
rg32303:348480:349142 [1] NCCL INFO Setting affinity for GPU 1 to 0-15
rg32303:348481:349143 [2] NCCL INFO Setting affinity for GPU 2 to 48-63
rg32303:348480:349142 [1] NCCL INFO NVLS multicast support is not available on dev 1 (NVLS_NCHANNELS 0)
rg32303:348481:349143 [2] NCCL INFO NVLS multicast support is not available on dev 2 (NVLS_NCHANNELS 0)
rg32303:348479:349141 [0] NCCL INFO Setting affinity for GPU 0 to 16-31
rg32303:348479:349141 [0] NCCL INFO NVLS multicast support is not available on dev 0 (NVLS_NCHANNELS 0)
rg32303:348482:349144 [3] NCCL INFO Setting affinity for GPU 3 to 32-47
rg32303:348482:349144 [3] NCCL INFO NVLS multicast support is not available on dev 3 (NVLS_NCHANNELS 0)
rg32303:348482:349144 [3] NCCL INFO comm 0x1874b7d0 rank 3 nRanks 4 nNodes 1 localRanks 4 localRank 3 MNNVL 0
rg32303:348481:349143 [2] NCCL INFO comm 0x18c935e0 rank 2 nRanks 4 nNodes 1 localRanks 4 localRank 2 MNNVL 0
rg32303:348479:349141 [0] NCCL INFO comm 0x1145a750 rank 0 nRanks 4 nNodes 1 localRanks 4 localRank 0 MNNVL 0
rg32303:348479:349141 [0] NCCL INFO Channel 00/24 : 0 1 2 3
rg32303:348482:349144 [3] NCCL INFO Trees [0] -1/-1/-1->3->2 [1] -1/-1/-1->3->2 [2] -1/-1/-1->3->2 [3] -1/-1/-1->3->2 [4] -1/-1/-1->3->1 [5] -1/-1/-1->3->1 [6] -1/-1/-1->3->1 [7] -1/-1/-1->3->1 [8] 2/-1/-1->3->0 [9] 2/-1/-1->3->0 [10] 2/-1/-1->3->0 [11] 2/-1/-1->3->0 [12] -1/-1/-1->3->2 [13] -1/-1/-1->3->2 [14] -1/-1/-1->3->2 [15] -1/-1/-1->3->2 [16] -1/-1/-1->3->1 [17] -1/-1/-1->3->1 [18] -1/-1/-1->3->1 [19] -1/-1/-1->3->1 [20] 2/-1/-1->3->0 [21] 2/-1/-1->3->0 [22] 2/-1/-1->3->0 [23] 2/-1/-1->3->0
rg32303:348481:349143 [2] NCCL INFO Trees [0] 3/-1/-1->2->1 [1] 3/-1/-1->2->1 [2] 3/-1/-1->2->1 [3] 3/-1/-1->2->1 [4] 1/-1/-1->2->0 [5] 1/-1/-1->2->0 [6] 1/-1/-1->2->0 [7] 1/-1/-1->2->0 [8] -1/-1/-1->2->3 [9] -1/-1/-1->2->3 [10] -1/-1/-1->2->3 [11] -1/-1/-1->2->3 [12] 3/-1/-1->2->1 [13] 3/-1/-1->2->1 [14] 3/-1/-1->2->1 [15] 3/-1/-1->2->1 [16] 1/-1/-1->2->0 [17] 1/-1/-1->2->0 [18] 1/-1/-1->2->0 [19] 1/-1/-1->2->0 [20] -1/-1/-1->2->3 [21] -1/-1/-1->2->3 [22] -1/-1/-1->2->3 [23] -1/-1/-1->2->3
rg32303:348479:349141 [0] NCCL INFO Channel 01/24 : 0 1 3 2
rg32303:348482:349144 [3] NCCL INFO P2P Chunksize set to 524288
rg32303:348481:349143 [2] NCCL INFO P2P Chunksize set to 524288
rg32303:348479:349141 [0] NCCL INFO Channel 02/24 : 0 2 3 1
rg32303:348479:349141 [0] NCCL INFO Channel 03/24 : 0 2 1 3
rg32303:348479:349141 [0] NCCL INFO Channel 04/24 : 0 3 1 2
rg32303:348479:349141 [0] NCCL INFO Channel 05/24 : 0 3 2 1
rg32303:348479:349141 [0] NCCL INFO Channel 06/24 : 0 1 2 3
rg32303:348479:349141 [0] NCCL INFO Channel 07/24 : 0 1 3 2
rg32303:348479:349141 [0] NCCL INFO Channel 08/24 : 0 2 3 1
rg32303:348479:349141 [0] NCCL INFO Channel 09/24 : 0 2 1 3
rg32303:348479:349141 [0] NCCL INFO Channel 10/24 : 0 3 1 2
rg32303:348479:349141 [0] NCCL INFO Channel 11/24 : 0 3 2 1
rg32303:348479:349141 [0] NCCL INFO Channel 12/24 : 0 1 2 3
rg32303:348479:349141 [0] NCCL INFO Channel 13/24 : 0 1 3 2
rg32303:348479:349141 [0] NCCL INFO Channel 14/24 : 0 2 3 1
rg32303:348479:349141 [0] NCCL INFO Channel 15/24 : 0 2 1 3
rg32303:348479:349141 [0] NCCL INFO Channel 16/24 : 0 3 1 2
rg32303:348479:349141 [0] NCCL INFO Channel 17/24 : 0 3 2 1
rg32303:348479:349141 [0] NCCL INFO Channel 18/24 : 0 1 2 3
rg32303:348479:349141 [0] NCCL INFO Channel 19/24 : 0 1 3 2
rg32303:348479:349141 [0] NCCL INFO Channel 20/24 : 0 2 3 1
rg32303:348479:349141 [0] NCCL INFO Channel 21/24 : 0 2 1 3
rg32303:348479:349141 [0] NCCL INFO Channel 22/24 : 0 3 1 2
rg32303:348479:349141 [0] NCCL INFO Channel 23/24 : 0 3 2 1
rg32303:348480:349142 [1] NCCL INFO comm 0x192353b0 rank 1 nRanks 4 nNodes 1 localRanks 4 localRank 1 MNNVL 0
rg32303:348479:349141 [0] NCCL INFO Trees [0] 1/-1/-1->0->-1 [1] 1/-1/-1->0->-1 [2] 1/-1/-1->0->-1 [3] 1/-1/-1->0->-1 [4] 2/-1/-1->0->-1 [5] 2/-1/-1->0->-1 [6] 2/-1/-1->0->-1 [7] 2/-1/-1->0->-1 [8] 3/-1/-1->0->1 [9] 3/-1/-1->0->1 [10] 3/-1/-1->0->1 [11] 3/-1/-1->0->1 [12] 1/-1/-1->0->-1 [13] 1/-1/-1->0->-1 [14] 1/-1/-1->0->-1 [15] 1/-1/-1->0->-1 [16] 2/-1/-1->0->-1 [17] 2/-1/-1->0->-1 [18] 2/-1/-1->0->-1 [19] 2/-1/-1->0->-1 [20] 3/-1/-1->0->1 [21] 3/-1/-1->0->1 [22] 3/-1/-1->0->1 [23] 3/-1/-1->0->1
rg32303:348479:349141 [0] NCCL INFO P2P Chunksize set to 524288
rg32303:348480:349142 [1] NCCL INFO Trees [0] 2/-1/-1->1->0 [1] 2/-1/-1->1->0 [2] 2/-1/-1->1->0 [3] 2/-1/-1->1->0 [4] 3/-1/-1->1->2 [5] 3/-1/-1->1->2 [6] 3/-1/-1->1->2 [7] 3/-1/-1->1->2 [8] 0/-1/-1->1->-1 [9] 0/-1/-1->1->-1 [10] 0/-1/-1->1->-1 [11] 0/-1/-1->1->-1 [12] 2/-1/-1->1->0 [13] 2/-1/-1->1->0 [14] 2/-1/-1->1->0 [15] 2/-1/-1->1->0 [16] 3/-1/-1->1->2 [17] 3/-1/-1->1->2 [18] 3/-1/-1->1->2 [19] 3/-1/-1->1->2 [20] 0/-1/-1->1->-1 [21] 0/-1/-1->1->-1 [22] 0/-1/-1->1->-1 [23] 0/-1/-1->1->-1
rg32303:348480:349142 [1] NCCL INFO P2P Chunksize set to 524288
rg32303:348481:349143 [2] NCCL INFO PROFILER/Plugin: Could not find: libnccl-profiler.so. 
rg32303:348482:349144 [3] NCCL INFO PROFILER/Plugin: Could not find: libnccl-profiler.so. 
rg32303:348479:349141 [0] NCCL INFO PROFILER/Plugin: Could not find: libnccl-profiler.so. 
rg32303:348482:349158 [3] NCCL INFO [Proxy Service] Device 3 CPU core 33
rg32303:348479:349141 [0] NCCL INFO Check P2P Type isAllDirectP2p 1 directMode 0
rg32303:348481:349157 [2] NCCL INFO [Proxy Service] Device 2 CPU core 54
rg32303:348482:349160 [3] NCCL INFO [Proxy Service UDS] Device 3 CPU core 34
rg32303:348481:349159 [2] NCCL INFO [Proxy Service UDS] Device 2 CPU core 55
rg32303:348479:349161 [0] NCCL INFO [Proxy Service] Device 0 CPU core 18
rg32303:348479:349162 [0] NCCL INFO [Proxy Service UDS] Device 0 CPU core 19
rg32303:348480:349142 [1] NCCL INFO PROFILER/Plugin: Could not find: libnccl-profiler.so. 
rg32303:348480:349163 [1] NCCL INFO [Proxy Service] Device 1 CPU core 1
rg32303:348480:349164 [1] NCCL INFO [Proxy Service UDS] Device 1 CPU core 3
rg32303:348482:349144 [3] NCCL INFO threadThresholds 8/8/64 | 32/8/64 | 512 | 512
rg32303:348482:349144 [3] NCCL INFO 24 coll channels, 24 collnet channels, 0 nvls channels, 32 p2p channels, 16 p2p channels per peer
rg32303:348479:349141 [0] NCCL INFO threadThresholds 8/8/64 | 32/8/64 | 512 | 512
rg32303:348479:349141 [0] NCCL INFO 24 coll channels, 24 collnet channels, 0 nvls channels, 32 p2p channels, 16 p2p channels per peer
rg32303:348481:349143 [2] NCCL INFO threadThresholds 8/8/64 | 32/8/64 | 512 | 512
rg32303:348481:349143 [2] NCCL INFO 24 coll channels, 24 collnet channels, 0 nvls channels, 32 p2p channels, 16 p2p channels per peer
rg32303:348479:349141 [0] NCCL INFO CC Off, workFifoBytes 1048576
rg32303:348480:349142 [1] NCCL INFO threadThresholds 8/8/64 | 32/8/64 | 512 | 512
rg32303:348480:349142 [1] NCCL INFO 24 coll channels, 24 collnet channels, 0 nvls channels, 32 p2p channels, 16 p2p channels per peer
rg32303:348479:349141 [0] NCCL INFO TUNER/Plugin: Could not find: libnccl-tuner.so. Using internal tuner plugin.
rg32303:348480:349142 [1] NCCL INFO TUNER/Plugin: Could not find: libnccl-tuner.so. Using internal tuner plugin.
rg32303:348482:349144 [3] NCCL INFO TUNER/Plugin: Could not find: libnccl-tuner.so. Using internal tuner plugin.
rg32303:348481:349143 [2] NCCL INFO TUNER/Plugin: Could not find: libnccl-tuner.so. Using internal tuner plugin.
rg32303:348479:349141 [0] NCCL INFO ncclCommInitRankConfig comm 0x1145a750 rank 0 nranks 4 cudaDev 0 nvmlDev 0 busId 4e000 commId 0xa39cc69c5b8c037e - Init COMPLETE
rg32303:348480:349142 [1] NCCL INFO ncclCommInitRankConfig comm 0x192353b0 rank 1 nranks 4 cudaDev 1 nvmlDev 1 busId 5f000 commId 0xa39cc69c5b8c037e - Init COMPLETE
rg32303:348482:349144 [3] NCCL INFO ncclCommInitRankConfig comm 0x1874b7d0 rank 3 nranks 4 cudaDev 3 nvmlDev 3 busId db000 commId 0xa39cc69c5b8c037e - Init COMPLETE
rg32303:348481:349143 [2] NCCL INFO ncclCommInitRankConfig comm 0x18c935e0 rank 2 nranks 4 cudaDev 2 nvmlDev 2 busId cb000 commId 0xa39cc69c5b8c037e - Init COMPLETE
rg32303:348479:349141 [0] NCCL INFO Init timings - ncclCommInitRankConfig: rank 0 nranks 4 total 2.04 (kernels 0.19, alloc 1.79, bootstrap 0.00, allgathers 0.00, topo 0.02, graphs 0.01, connections 0.02, rest 0.01)
rg32303:348480:349142 [1] NCCL INFO Init timings - ncclCommInitRankConfig: rank 1 nranks 4 total 2.04 (kernels 0.19, alloc 1.79, bootstrap 0.00, allgathers 0.00, topo 0.02, graphs 0.01, connections 0.01, rest 0.01)
rg32303:348482:349144 [3] NCCL INFO Init timings - ncclCommInitRankConfig: rank 3 nranks 4 total 2.03 (kernels 0.19, alloc 1.78, bootstrap 0.00, allgathers 0.00, topo 0.02, graphs 0.01, connections 0.02, rest 0.01)
rg32303:348481:349143 [2] NCCL INFO Init timings - ncclCommInitRankConfig: rank 2 nranks 4 total 2.04 (kernels 0.19, alloc 1.78, bootstrap 0.00, allgathers 0.00, topo 0.02, graphs 0.01, connections 0.02, rest 0.01)
rg32303:348481:349166 [2] NCCL INFO Channel 00/0 : 2[2] -> 3[3] via P2P/CUMEM
rg32303:348481:349166 [2] NCCL INFO Channel 02/0 : 2[2] -> 3[3] via P2P/CUMEM
rg32303:348480:349167 [1] NCCL INFO Channel 00/0 : 1[1] -> 2[2] via P2P/CUMEM
rg32303:348481:349166 [2] NCCL INFO Channel 06/0 : 2[2] -> 3[3] via P2P/CUMEM
rg32303:348482:349165 [3] NCCL INFO Channel 00/0 : 3[3] -> 0[0] via P2P/CUMEM
rg32303:348480:349167 [1] NCCL INFO Channel 04/0 : 1[1] -> 2[2] via P2P/CUMEM
rg32303:348481:349166 [2] NCCL INFO Channel 08/0 : 2[2] -> 3[3] via P2P/CUMEM
rg32303:348481:349166 [2] NCCL INFO Channel 12/0 : 2[2] -> 3[3] via P2P/CUMEM
rg32303:348479:349168 [0] NCCL INFO Channel 00/0 : 0[0] -> 1[1] via P2P/CUMEM
rg32303:348482:349165 [3] NCCL INFO Channel 03/0 : 3[3] -> 0[0] via P2P/CUMEM
rg32303:348480:349167 [1] NCCL INFO Channel 06/0 : 1[1] -> 2[2] via P2P/CUMEM
rg32303:348481:349166 [2] NCCL INFO Channel 14/0 : 2[2] -> 3[3] via P2P/CUMEM
rg32303:348479:349168 [0] NCCL INFO Channel 01/0 : 0[0] -> 1[1] via P2P/CUMEM
rg32303:348482:349165 [3] NCCL INFO Channel 06/0 : 3[3] -> 0[0] via P2P/CUMEM
rg32303:348480:349167 [1] NCCL INFO Channel 10/0 : 1[1] -> 2[2] via P2P/CUMEM
rg32303:348481:349166 [2] NCCL INFO Channel 18/0 : 2[2] -> 3[3] via P2P/CUMEM
rg32303:348481:349166 [2] NCCL INFO Channel 20/0 : 2[2] -> 3[3] via P2P/CUMEM
rg32303:348479:349168 [0] NCCL INFO Channel 06/0 : 0[0] -> 1[1] via P2P/CUMEM
rg32303:348482:349165 [3] NCCL INFO Channel 09/0 : 3[3] -> 0[0] via P2P/CUMEM
rg32303:348480:349167 [1] NCCL INFO Channel 12/0 : 1[1] -> 2[2] via P2P/CUMEM
rg32303:348479:349168 [0] NCCL INFO Channel 07/0 : 0[0] -> 1[1] via P2P/CUMEM
rg32303:348480:349167 [1] NCCL INFO Channel 16/0 : 1[1] -> 2[2] via P2P/CUMEM
rg32303:348482:349165 [3] NCCL INFO Channel 12/0 : 3[3] -> 0[0] via P2P/CUMEM
rg32303:348479:349168 [0] NCCL INFO Channel 12/0 : 0[0] -> 1[1] via P2P/CUMEM
rg32303:348480:349167 [1] NCCL INFO Channel 18/0 : 1[1] -> 2[2] via P2P/CUMEM
rg32303:348482:349165 [3] NCCL INFO Channel 15/0 : 3[3] -> 0[0] via P2P/CUMEM
rg32303:348479:349168 [0] NCCL INFO Channel 13/0 : 0[0] -> 1[1] via P2P/CUMEM
rg32303:348480:349167 [1] NCCL INFO Channel 22/0 : 1[1] -> 2[2] via P2P/CUMEM
rg32303:348482:349165 [3] NCCL INFO Channel 18/0 : 3[3] -> 0[0] via P2P/CUMEM
rg32303:348479:349168 [0] NCCL INFO Channel 18/0 : 0[0] -> 1[1] via P2P/CUMEM
rg32303:348482:349165 [3] NCCL INFO Channel 21/0 : 3[3] -> 0[0] via P2P/CUMEM
rg32303:348479:349168 [0] NCCL INFO Channel 19/0 : 0[0] -> 1[1] via P2P/CUMEM
rg32303:348479:349168 [0] NCCL INFO Channel 02/0 : 0[0] -> 2[2] via P2P/CUMEM
rg32303:348479:349168 [0] NCCL INFO Channel 03/0 : 0[0] -> 2[2] via P2P/CUMEM
rg32303:348479:349168 [0] NCCL INFO Channel 08/0 : 0[0] -> 2[2] via P2P/CUMEM
rg32303:348479:349168 [0] NCCL INFO Channel 09/0 : 0[0] -> 2[2] via P2P/CUMEM
rg32303:348479:349168 [0] NCCL INFO Channel 14/0 : 0[0] -> 2[2] via P2P/CUMEM
rg32303:348479:349168 [0] NCCL INFO Channel 15/0 : 0[0] -> 2[2] via P2P/CUMEM
rg32303:348479:349168 [0] NCCL INFO Channel 20/0 : 0[0] -> 2[2] via P2P/CUMEM
rg32303:348479:349168 [0] NCCL INFO Channel 21/0 : 0[0] -> 2[2] via P2P/CUMEM
rg32303:348481:349166 [2] NCCL INFO Channel 01/0 : 2[2] -> 0[0] via P2P/CUMEM
rg32303:348482:349165 [3] NCCL INFO Channel 02/0 : 3[3] -> 1[1] via P2P/CUMEM
rg32303:348481:349166 [2] NCCL INFO Channel 04/0 : 2[2] -> 0[0] via P2P/CUMEM
rg32303:348480:349167 [1] NCCL INFO Channel 01/0 : 1[1] -> 3[3] via P2P/CUMEM
rg32303:348481:349166 [2] NCCL INFO Channel 07/0 : 2[2] -> 0[0] via P2P/CUMEM
rg32303:348482:349165 [3] NCCL INFO Channel 04/0 : 3[3] -> 1[1] via P2P/CUMEM
rg32303:348480:349167 [1] NCCL INFO Channel 03/0 : 1[1] -> 3[3] via P2P/CUMEM
rg32303:348482:349165 [3] NCCL INFO Channel 08/0 : 3[3] -> 1[1] via P2P/CUMEM
rg32303:348481:349166 [2] NCCL INFO Channel 10/0 : 2[2] -> 0[0] via P2P/CUMEM
rg32303:348480:349167 [1] NCCL INFO Channel 07/0 : 1[1] -> 3[3] via P2P/CUMEM
rg32303:348481:349166 [2] NCCL INFO Channel 13/0 : 2[2] -> 0[0] via P2P/CUMEM
rg32303:348482:349165 [3] NCCL INFO Channel 10/0 : 3[3] -> 1[1] via P2P/CUMEM
rg32303:348480:349167 [1] NCCL INFO Channel 09/0 : 1[1] -> 3[3] via P2P/CUMEM
rg32303:348481:349166 [2] NCCL INFO Channel 16/0 : 2[2] -> 0[0] via P2P/CUMEM
rg32303:348482:349165 [3] NCCL INFO Channel 14/0 : 3[3] -> 1[1] via P2P/CUMEM
rg32303:348480:349167 [1] NCCL INFO Channel 13/0 : 1[1] -> 3[3] via P2P/CUMEM
rg32303:348481:349166 [2] NCCL INFO Channel 19/0 : 2[2] -> 0[0] via P2P/CUMEM
rg32303:348482:349165 [3] NCCL INFO Channel 16/0 : 3[3] -> 1[1] via P2P/CUMEM
rg32303:348480:349167 [1] NCCL INFO Channel 15/0 : 1[1] -> 3[3] via P2P/CUMEM
rg32303:348481:349166 [2] NCCL INFO Channel 22/0 : 2[2] -> 0[0] via P2P/CUMEM
rg32303:348482:349165 [3] NCCL INFO Channel 20/0 : 3[3] -> 1[1] via P2P/CUMEM
rg32303:348480:349167 [1] NCCL INFO Channel 19/0 : 1[1] -> 3[3] via P2P/CUMEM
rg32303:348482:349165 [3] NCCL INFO Channel 22/0 : 3[3] -> 1[1] via P2P/CUMEM
rg32303:348480:349167 [1] NCCL INFO Channel 21/0 : 1[1] -> 3[3] via P2P/CUMEM
rg32303:348479:349168 [0] NCCL INFO Channel 04/0 : 0[0] -> 3[3] via P2P/CUMEM
rg32303:348479:349168 [0] NCCL INFO Channel 05/0 : 0[0] -> 3[3] via P2P/CUMEM
rg32303:348479:349168 [0] NCCL INFO Channel 10/0 : 0[0] -> 3[3] via P2P/CUMEM
rg32303:348479:349168 [0] NCCL INFO Channel 11/0 : 0[0] -> 3[3] via P2P/CUMEM
rg32303:348479:349168 [0] NCCL INFO Channel 16/0 : 0[0] -> 3[3] via P2P/CUMEM
rg32303:348479:349168 [0] NCCL INFO Channel 17/0 : 0[0] -> 3[3] via P2P/CUMEM
rg32303:348479:349168 [0] NCCL INFO Channel 22/0 : 0[0] -> 3[3] via P2P/CUMEM
rg32303:348479:349168 [0] NCCL INFO Channel 23/0 : 0[0] -> 3[3] via P2P/CUMEM
rg32303:348481:349166 [2] NCCL INFO Channel 03/0 : 2[2] -> 1[1] via P2P/CUMEM
rg32303:348481:349166 [2] NCCL INFO Channel 05/0 : 2[2] -> 1[1] via P2P/CUMEM
rg32303:348481:349166 [2] NCCL INFO Channel 09/0 : 2[2] -> 1[1] via P2P/CUMEM
rg32303:348481:349166 [2] NCCL INFO Channel 11/0 : 2[2] -> 1[1] via P2P/CUMEM
rg32303:348481:349166 [2] NCCL INFO Channel 15/0 : 2[2] -> 1[1] via P2P/CUMEM
rg32303:348482:349165 [3] NCCL INFO Channel 01/0 : 3[3] -> 2[2] via P2P/CUMEM
rg32303:348480:349167 [1] NCCL INFO Channel 02/0 : 1[1] -> 0[0] via P2P/CUMEM
rg32303:348481:349166 [2] NCCL INFO Channel 17/0 : 2[2] -> 1[1] via P2P/CUMEM
rg32303:348482:349165 [3] NCCL INFO Channel 05/0 : 3[3] -> 2[2] via P2P/CUMEM
rg32303:348480:349167 [1] NCCL INFO Channel 05/0 : 1[1] -> 0[0] via P2P/CUMEM
rg32303:348481:349166 [2] NCCL INFO Channel 21/0 : 2[2] -> 1[1] via P2P/CUMEM
rg32303:348482:349165 [3] NCCL INFO Channel 07/0 : 3[3] -> 2[2] via P2P/CUMEM
rg32303:348481:349166 [2] NCCL INFO Channel 23/0 : 2[2] -> 1[1] via P2P/CUMEM
rg32303:348480:349167 [1] NCCL INFO Channel 08/0 : 1[1] -> 0[0] via P2P/CUMEM
rg32303:348482:349165 [3] NCCL INFO Channel 11/0 : 3[3] -> 2[2] via P2P/CUMEM
rg32303:348480:349167 [1] NCCL INFO Channel 11/0 : 1[1] -> 0[0] via P2P/CUMEM
rg32303:348482:349165 [3] NCCL INFO Channel 13/0 : 3[3] -> 2[2] via P2P/CUMEM
rg32303:348480:349167 [1] NCCL INFO Channel 14/0 : 1[1] -> 0[0] via P2P/CUMEM
rg32303:348482:349165 [3] NCCL INFO Channel 17/0 : 3[3] -> 2[2] via P2P/CUMEM
rg32303:348480:349167 [1] NCCL INFO Channel 17/0 : 1[1] -> 0[0] via P2P/CUMEM
rg32303:348482:349165 [3] NCCL INFO Channel 19/0 : 3[3] -> 2[2] via P2P/CUMEM
rg32303:348480:349167 [1] NCCL INFO Channel 20/0 : 1[1] -> 0[0] via P2P/CUMEM
rg32303:348482:349165 [3] NCCL INFO Channel 23/0 : 3[3] -> 2[2] via P2P/CUMEM
rg32303:348480:349167 [1] NCCL INFO Channel 23/0 : 1[1] -> 0[0] via P2P/CUMEM
rg32303:348482:349165 [3] NCCL INFO Connected all rings, use ring PXN 0 GDR 1
rg32303:348481:349166 [2] NCCL INFO Connected all rings, use ring PXN 0 GDR 1
rg32303:348480:349167 [1] NCCL INFO Connected all rings, use ring PXN 0 GDR 1
rg32303:348479:349168 [0] NCCL INFO Connected all rings, use ring PXN 0 GDR 1
`trust_remote_code` is not supported anymore.
Please check that the Hugging Face dataset 'json' isn't based on a loading script and remove `trust_remote_code`.
