name: base_model.model.model.language_model.layers.21.self_attn.o_proj.base_layer.weight, dtype: torch.bfloat16, device: cuda:0, trainable: False
name: base_model.model.model.language_model.layers.21.self_attn.o_proj.lora_A.default.weight, dtype: torch.float32, device: cuda:0, trainable: True
name: base_model.model.model.language_model.layers.21.self_attn.o_proj.lora_B.default.weight, dtype: torch.float32, device: cuda:0, trainable: True
name: base_model.model.model.language_model.layers.21.mlp.gate_proj.base_layer.weight, dtype: torch.bfloat16, device: cuda:0, trainable: False
name: base_model.model.model.language_model.layers.21.mlp.gate_proj.lora_A.default.weight, dtype: torch.float32, device: cuda:0, trainable: True
name: base_model.model.model.language_model.layers.21.mlp.gate_proj.lora_B.default.weight, dtype: torch.float32, device: cuda:0, trainable: True
name: base_model.model.model.language_model.layers.21.mlp.up_proj.base_layer.weight, dtype: torch.bfloat16, device: cuda:0, trainable: False
name: base_model.model.model.language_model.layers.21.mlp.up_proj.lora_A.default.weight, dtype: torch.float32, device: cuda:0, trainable: True
name: base_model.model.model.language_model.layers.21.mlp.up_proj.lora_B.default.weight, dtype: torch.float32, device: cuda:0, trainable: True
name: base_model.model.model.language_model.layers.21.mlp.down_proj.base_layer.weight, dtype: torch.bfloat16, device: cuda:0, trainable: False
name: base_model.model.model.language_model.layers.21.mlp.down_proj.lora_A.default.weight, dtype: torch.float32, device: cuda:0, trainable: True
name: base_model.model.model.language_model.layers.21.mlp.down_proj.lora_B.default.weight, dtype: torch.float32, device: cuda:0, trainable: True
name: base_model.model.model.language_model.layers.21.input_layernorm.weight, dtype: torch.bfloat16, device: cuda:0, trainable: False
name: base_model.model.model.language_model.layers.21.post_attention_layernorm.weight, dtype: torch.bfloat16, device: cuda:0, trainable: False
name: base_model.model.model.language_model.layers.22.self_attn.q_proj.base_layer.weight, dtype: torch.bfloat16, device: cuda:0, trainable: False
name: base_model.model.model.language_model.layers.22.self_attn.q_proj.base_layer.bias, dtype: torch.bfloat16, device: cuda:0, trainable: False
name: base_model.model.model.language_model.layers.22.self_attn.q_proj.lora_A.default.weight, dtype: torch.float32, device: cuda:0, trainable: True
name: base_model.model.model.language_model.layers.22.self_attn.q_proj.lora_B.default.weight, dtype: torch.float32, device: cuda:0, trainable: True
name: base_model.model.model.language_model.layers.22.self_attn.k_proj.base_layer.weight, dtype: torch.bfloat16, device: cuda:0, trainable: False
name: base_model.model.model.language_model.layers.22.self_attn.k_proj.base_layer.bias, dtype: torch.bfloat16, device: cuda:0, trainable: False
name: base_model.model.model.language_model.layers.22.self_attn.k_proj.lora_A.default.weight, dtype: torch.float32, device: cuda:0, trainable: True
name: base_model.model.model.language_model.layers.22.self_attn.k_proj.lora_B.default.weight, dtype: torch.float32, device: cuda:0, trainable: True
name: base_model.model.model.language_model.layers.22.self_attn.v_proj.base_layer.weight, dtype: torch.bfloat16, device: cuda:0, trainable: False
name: base_model.model.model.language_model.layers.22.self_attn.v_proj.base_layer.bias, dtype: torch.bfloat16, device: cuda:0, trainable: False
name: base_model.model.model.language_model.layers.22.self_attn.v_proj.lora_A.default.weight, dtype: torch.float32, device: cuda:0, trainable: True
name: base_model.model.model.language_model.layers.22.self_attn.v_proj.lora_B.default.weight, dtype: torch.float32, device: cuda:0, trainable: True
name: base_model.model.model.language_model.layers.22.self_attn.o_proj.base_layer.weight, dtype: torch.bfloat16, device: cuda:0, trainable: False
name: base_model.model.model.language_model.layers.22.self_attn.o_proj.lora_A.default.weight, dtype: torch.float32, device: cuda:0, trainable: True
name: base_model.model.model.language_model.layers.22.self_attn.o_proj.lora_B.default.weight, dtype: torch.float32, device: cuda:0, trainable: True
name: base_model.model.model.language_model.layers.22.mlp.gate_proj.base_layer.weight, dtype: torch.bfloat16, device: cuda:0, trainable: False
name: base_model.model.model.language_model.layers.22.mlp.gate_proj.lora_A.default.weight, dtype: torch.float32, device: cuda:0, trainable: True
name: base_model.model.model.language_model.layers.22.mlp.gate_proj.lora_B.default.weight, dtype: torch.float32, device: cuda:0, trainable: True
name: base_model.model.model.language_model.layers.22.mlp.up_proj.base_layer.weight, dtype: torch.bfloat16, device: cuda:0, trainable: False
name: base_model.model.model.language_model.layers.22.mlp.up_proj.lora_A.default.weight, dtype: torch.float32, device: cuda:0, trainable: True
name: base_model.model.model.language_model.layers.22.mlp.up_proj.lora_B.default.weight, dtype: torch.float32, device: cuda:0, trainable: True
name: base_model.model.model.language_model.layers.22.mlp.down_proj.base_layer.weight, dtype: torch.bfloat16, device: cuda:0, trainable: False
name: base_model.model.model.language_model.layers.22.mlp.down_proj.lora_A.default.weight, dtype: torch.float32, device: cuda:0, trainable: True
name: base_model.model.model.language_model.layers.22.mlp.down_proj.lora_B.default.weight, dtype: torch.float32, device: cuda:0, trainable: True
name: base_model.model.model.language_model.layers.22.input_layernorm.weight, dtype: torch.bfloat16, device: cuda:0, trainable: False
name: base_model.model.model.language_model.layers.22.post_attention_layernorm.weight, dtype: torch.bfloat16, device: cuda:0, trainable: False
name: base_model.model.model.language_model.layers.23.self_attn.q_proj.base_layer.weight, dtype: torch.bfloat16, device: cuda:0, trainable: False
name: base_model.model.model.language_model.layers.23.self_attn.q_proj.base_layer.bias, dtype: torch.bfloat16, device: cuda:0, trainable: False
name: base_model.model.model.language_model.layers.23.self_attn.q_proj.lora_A.default.weight, dtype: torch.float32, device: cuda:0, trainable: True
name: base_model.model.model.language_model.layers.23.self_attn.q_proj.lora_B.default.weight, dtype: torch.float32, device: cuda:0, trainable: True
name: base_model.model.model.language_model.layers.23.self_attn.k_proj.base_layer.weight, dtype: torch.bfloat16, device: cuda:0, trainable: False
name: base_model.model.model.language_model.layers.23.self_attn.k_proj.base_layer.bias, dtype: torch.bfloat16, device: cuda:0, trainable: False
name: base_model.model.model.language_model.layers.23.self_attn.k_proj.lora_A.default.weight, dtype: torch.float32, device: cuda:0, trainable: True
name: base_model.model.model.language_model.layers.23.self_attn.k_proj.lora_B.default.weight, dtype: torch.float32, device: cuda:0, trainable: True
name: base_model.model.model.language_model.layers.23.self_attn.v_proj.base_layer.weight, dtype: torch.bfloat16, device: cuda:0, trainable: False
name: base_model.model.model.language_model.layers.23.self_attn.v_proj.base_layer.bias, dtype: torch.bfloat16, device: cuda:0, trainable: False
name: base_model.model.model.language_model.layers.23.self_attn.v_proj.lora_A.default.weight, dtype: torch.float32, device: cuda:0, trainable: True
name: base_model.model.model.language_model.layers.23.self_attn.v_proj.lora_B.default.weight, dtype: torch.float32, device: cuda:0, trainable: True
name: base_model.model.model.language_model.layers.23.self_attn.o_proj.base_layer.weight, dtype: torch.bfloat16, device: cuda:0, trainable: False
name: base_model.model.model.language_model.layers.23.self_attn.o_proj.lora_A.default.weight, dtype: torch.float32, device: cuda:0, trainable: True
name: base_model.model.model.language_model.layers.23.self_attn.o_proj.lora_B.default.weight, dtype: torch.float32, device: cuda:0, trainable: True
name: base_model.model.model.language_model.layers.23.mlp.gate_proj.base_layer.weight, dtype: torch.bfloat16, device: cuda:0, trainable: False
name: base_model.model.model.language_model.layers.23.mlp.gate_proj.lora_A.default.weight, dtype: torch.float32, device: cuda:0, trainable: True
name: base_model.model.model.language_model.layers.23.mlp.gate_proj.lora_B.default.weight, dtype: torch.float32, device: cuda:0, trainable: True
name: base_model.model.model.language_model.layers.23.mlp.up_proj.base_layer.weight, dtype: torch.bfloat16, device: cuda:0, trainable: False
name: base_model.model.model.language_model.layers.23.mlp.up_proj.lora_A.default.weight, dtype: torch.float32, device: cuda:0, trainable: True
name: base_model.model.model.language_model.layers.23.mlp.up_proj.lora_B.default.weight, dtype: torch.float32, device: cuda:0, trainable: True
name: base_model.model.model.language_model.layers.23.mlp.down_proj.base_layer.weight, dtype: torch.bfloat16, device: cuda:0, trainable: False
name: base_model.model.model.language_model.layers.23.mlp.down_proj.lora_A.default.weight, dtype: torch.float32, device: cuda:0, trainable: True
name: base_model.model.model.language_model.layers.23.mlp.down_proj.lora_B.default.weight, dtype: torch.float32, device: cuda:0, trainable: True
name: base_model.model.model.language_model.layers.23.input_layernorm.weight, dtype: torch.bfloat16, device: cuda:0, trainable: False
name: base_model.model.model.language_model.layers.23.post_attention_layernorm.weight, dtype: torch.bfloat16, device: cuda:0, trainable: False
name: base_model.model.model.language_model.layers.24.self_attn.q_proj.base_layer.weight, dtype: torch.bfloat16, device: cuda:0, trainable: False
name: base_model.model.model.language_model.layers.24.self_attn.q_proj.base_layer.bias, dtype: torch.bfloat16, device: cuda:0, trainable: False
name: base_model.model.model.language_model.layers.24.self_attn.q_proj.lora_A.default.weight, dtype: torch.float32, device: cuda:0, trainable: True
name: base_model.model.model.language_model.layers.24.self_attn.q_proj.lora_B.default.weight, dtype: torch.float32, device: cuda:0, trainable: True
name: base_model.model.model.language_model.layers.24.self_attn.k_proj.base_layer.weight, dtype: torch.bfloat16, device: cuda:0, trainable: False
name: base_model.model.model.language_model.layers.24.self_attn.k_proj.base_layer.bias, dtype: torch.bfloat16, device: cuda:0, trainable: False
name: base_model.model.model.language_model.layers.24.self_attn.k_proj.lora_A.default.weight, dtype: torch.float32, device: cuda:0, trainable: True
name: base_model.model.model.language_model.layers.24.self_attn.k_proj.lora_B.default.weight, dtype: torch.float32, device: cuda:0, trainable: True
name: base_model.model.model.language_model.layers.24.self_attn.v_proj.base_layer.weight, dtype: torch.bfloat16, device: cuda:0, trainable: False
name: base_model.model.model.language_model.layers.24.self_attn.v_proj.base_layer.bias, dtype: torch.bfloat16, device: cuda:0, trainable: False
name: base_model.model.model.language_model.layers.24.self_attn.v_proj.lora_A.default.weight, dtype: torch.float32, device: cuda:0, trainable: True
name: base_model.model.model.language_model.layers.24.self_attn.v_proj.lora_B.default.weight, dtype: torch.float32, device: cuda:0, trainable: True
name: base_model.model.model.language_model.layers.24.self_attn.o_proj.base_layer.weight, dtype: torch.bfloat16, device: cuda:0, trainable: False
name: base_model.model.model.language_model.layers.24.self_attn.o_proj.lora_A.default.weight, dtype: torch.float32, device: cuda:0, trainable: True
name: base_model.model.model.language_model.layers.24.self_attn.o_proj.lora_B.default.weight, dtype: torch.float32, device: cuda:0, trainable: True
name: base_model.model.model.language_model.layers.24.mlp.gate_proj.base_layer.weight, dtype: torch.bfloat16, device: cuda:0, trainable: False
name: base_model.model.model.language_model.layers.24.mlp.gate_proj.lora_A.default.weight, dtype: torch.float32, device: cuda:0, trainable: True
name: base_model.model.model.language_model.layers.24.mlp.gate_proj.lora_B.default.weight, dtype: torch.float32, device: cuda:0, trainable: True
name: base_model.model.model.language_model.layers.24.mlp.up_proj.base_layer.weight, dtype: torch.bfloat16, device: cuda:0, trainable: False
name: base_model.model.model.language_model.layers.24.mlp.up_proj.lora_A.default.weight, dtype: torch.float32, device: cuda:0, trainable: True
name: base_model.model.model.language_model.layers.24.mlp.up_proj.lora_B.default.weight, dtype: torch.float32, device: cuda:0, trainable: True
name: base_model.model.model.language_model.layers.24.mlp.down_proj.base_layer.weight, dtype: torch.bfloat16, device: cuda:0, trainable: False
name: base_model.model.model.language_model.layers.24.mlp.down_proj.lora_A.default.weight, dtype: torch.float32, device: cuda:0, trainable: True
name: base_model.model.model.language_model.layers.24.mlp.down_proj.lora_B.default.weight, dtype: torch.float32, device: cuda:0, trainable: True
name: base_model.model.model.language_model.layers.24.input_layernorm.weight, dtype: torch.bfloat16, device: cuda:0, trainable: False
name: base_model.model.model.language_model.layers.24.post_attention_layernorm.weight, dtype: torch.bfloat16, device: cuda:0, trainable: False
name: base_model.model.model.language_model.layers.25.self_attn.q_proj.base_layer.weight, dtype: torch.bfloat16, device: cuda:0, trainable: False
name: base_model.model.model.language_model.layers.25.self_attn.q_proj.base_layer.bias, dtype: torch.bfloat16, device: cuda:0, trainable: False
name: base_model.model.model.language_model.layers.25.self_attn.q_proj.lora_A.default.weight, dtype: torch.float32, device: cuda:0, trainable: True
name: base_model.model.model.language_model.layers.25.self_attn.q_proj.lora_B.default.weight, dtype: torch.float32, device: cuda:0, trainable: True
name: base_model.model.model.language_model.layers.25.self_attn.k_proj.base_layer.weight, dtype: torch.bfloat16, device: cuda:0, trainable: False
name: base_model.model.model.language_model.layers.25.self_attn.k_proj.base_layer.bias, dtype: torch.bfloat16, device: cuda:0, trainable: False
name: base_model.model.model.language_model.layers.25.self_attn.k_proj.lora_A.default.weight, dtype: torch.float32, device: cuda:0, trainable: True
name: base_model.model.model.language_model.layers.25.self_attn.k_proj.lora_B.default.weight, dtype: torch.float32, device: cuda:0, trainable: True
name: base_model.model.model.language_model.layers.25.self_attn.v_proj.base_layer.weight, dtype: torch.bfloat16, device: cuda:0, trainable: False
name: base_model.model.model.language_model.layers.25.self_attn.v_proj.base_layer.bias, dtype: torch.bfloat16, device: cuda:0, trainable: False
name: base_model.model.model.language_model.layers.25.self_attn.v_proj.lora_A.default.weight, dtype: torch.float32, device: cuda:0, trainable: True
name: base_model.model.model.language_model.layers.25.self_attn.v_proj.lora_B.default.weight, dtype: torch.float32, device: cuda:0, trainable: True
name: base_model.model.model.language_model.layers.25.self_attn.o_proj.base_layer.weight, dtype: torch.bfloat16, device: cuda:0, trainable: False
name: base_model.model.model.language_model.layers.25.self_attn.o_proj.lora_A.default.weight, dtype: torch.float32, device: cuda:0, trainable: True
name: base_model.model.model.language_model.layers.25.self_attn.o_proj.lora_B.default.weight, dtype: torch.float32, device: cuda:0, trainable: True
name: base_model.model.model.language_model.layers.25.mlp.gate_proj.base_layer.weight, dtype: torch.bfloat16, device: cuda:0, trainable: False
name: base_model.model.model.language_model.layers.25.mlp.gate_proj.lora_A.default.weight, dtype: torch.float32, device: cuda:0, trainable: True
name: base_model.model.model.language_model.layers.25.mlp.gate_proj.lora_B.default.weight, dtype: torch.float32, device: cuda:0, trainable: True
name: base_model.model.model.language_model.layers.25.mlp.up_proj.base_layer.weight, dtype: torch.bfloat16, device: cuda:0, trainable: False
name: base_model.model.model.language_model.layers.25.mlp.up_proj.lora_A.default.weight, dtype: torch.float32, device: cuda:0, trainable: True
name: base_model.model.model.language_model.layers.25.mlp.up_proj.lora_B.default.weight, dtype: torch.float32, device: cuda:0, trainable: True
name: base_model.model.model.language_model.layers.25.mlp.down_proj.base_layer.weight, dtype: torch.bfloat16, device: cuda:0, trainable: False
name: base_model.model.model.language_model.layers.25.mlp.down_proj.lora_A.default.weight, dtype: torch.float32, device: cuda:0, trainable: True
name: base_model.model.model.language_model.layers.25.mlp.down_proj.lora_B.default.weight, dtype: torch.float32, device: cuda:0, trainable: True
name: base_model.model.model.language_model.layers.25.input_layernorm.weight, dtype: torch.bfloat16, device: cuda:0, trainable: False
name: base_model.model.model.language_model.layers.25.post_attention_layernorm.weight, dtype: torch.bfloat16, device: cuda:0, trainable: False
name: base_model.model.model.language_model.layers.26.self_attn.q_proj.base_layer.weight, dtype: torch.bfloat16, device: cuda:0, trainable: False
name: base_model.model.model.language_model.layers.26.self_attn.q_proj.base_layer.bias, dtype: torch.bfloat16, device: cuda:0, trainable: False
name: base_model.model.model.language_model.layers.26.self_attn.q_proj.lora_A.default.weight, dtype: torch.float32, device: cuda:0, trainable: True
name: base_model.model.model.language_model.layers.26.self_attn.q_proj.lora_B.default.weight, dtype: torch.float32, device: cuda:0, trainable: True
name: base_model.model.model.language_model.layers.26.self_attn.k_proj.base_layer.weight, dtype: torch.bfloat16, device: cuda:0, trainable: False
name: base_model.model.model.language_model.layers.26.self_attn.k_proj.base_layer.bias, dtype: torch.bfloat16, device: cuda:0, trainable: False
name: base_model.model.model.language_model.layers.26.self_attn.k_proj.lora_A.default.weight, dtype: torch.float32, device: cuda:0, trainable: True
name: base_model.model.model.language_model.layers.26.self_attn.k_proj.lora_B.default.weight, dtype: torch.float32, device: cuda:0, trainable: True
name: base_model.model.model.language_model.layers.26.self_attn.v_proj.base_layer.weight, dtype: torch.bfloat16, device: cuda:0, trainable: False
name: base_model.model.model.language_model.layers.26.self_attn.v_proj.base_layer.bias, dtype: torch.bfloat16, device: cuda:0, trainable: False
name: base_model.model.model.language_model.layers.26.self_attn.v_proj.lora_A.default.weight, dtype: torch.float32, device: cuda:0, trainable: True
name: base_model.model.model.language_model.layers.26.self_attn.v_proj.lora_B.default.weight, dtype: torch.float32, device: cuda:0, trainable: True
name: base_model.model.model.language_model.layers.26.self_attn.o_proj.base_layer.weight, dtype: torch.bfloat16, device: cuda:0, trainable: False
name: base_model.model.model.language_model.layers.26.self_attn.o_proj.lora_A.default.weight, dtype: torch.float32, device: cuda:0, trainable: True
name: base_model.model.model.language_model.layers.26.self_attn.o_proj.lora_B.default.weight, dtype: torch.float32, device: cuda:0, trainable: True
name: base_model.model.model.language_model.layers.26.mlp.gate_proj.base_layer.weight, dtype: torch.bfloat16, device: cuda:0, trainable: False
name: base_model.model.model.language_model.layers.26.mlp.gate_proj.lora_A.default.weight, dtype: torch.float32, device: cuda:0, trainable: True
name: base_model.model.model.language_model.layers.26.mlp.gate_proj.lora_B.default.weight, dtype: torch.float32, device: cuda:0, trainable: True
name: base_model.model.model.language_model.layers.26.mlp.up_proj.base_layer.weight, dtype: torch.bfloat16, device: cuda:0, trainable: False
name: base_model.model.model.language_model.layers.26.mlp.up_proj.lora_A.default.weight, dtype: torch.float32, device: cuda:0, trainable: True
name: base_model.model.model.language_model.layers.26.mlp.up_proj.lora_B.default.weight, dtype: torch.float32, device: cuda:0, trainable: True
name: base_model.model.model.language_model.layers.26.mlp.down_proj.base_layer.weight, dtype: torch.bfloat16, device: cuda:0, trainable: False
name: base_model.model.model.language_model.layers.26.mlp.down_proj.lora_A.default.weight, dtype: torch.float32, device: cuda:0, trainable: True
name: base_model.model.model.language_model.layers.26.mlp.down_proj.lora_B.default.weight, dtype: torch.float32, device: cuda:0, trainable: True
name: base_model.model.model.language_model.layers.26.input_layernorm.weight, dtype: torch.bfloat16, device: cuda:0, trainable: False
name: base_model.model.model.language_model.layers.26.post_attention_layernorm.weight, dtype: torch.bfloat16, device: cuda:0, trainable: False
name: base_model.model.model.language_model.layers.27.self_attn.q_proj.base_layer.weight, dtype: torch.bfloat16, device: cuda:0, trainable: False
name: base_model.model.model.language_model.layers.27.self_attn.q_proj.base_layer.bias, dtype: torch.bfloat16, device: cuda:0, trainable: False
name: base_model.model.model.language_model.layers.27.self_attn.q_proj.lora_A.default.weight, dtype: torch.float32, device: cuda:0, trainable: True
name: base_model.model.model.language_model.layers.27.self_attn.q_proj.lora_B.default.weight, dtype: torch.float32, device: cuda:0, trainable: True
name: base_model.model.model.language_model.layers.27.self_attn.k_proj.base_layer.weight, dtype: torch.bfloat16, device: cuda:0, trainable: False
name: base_model.model.model.language_model.layers.27.self_attn.k_proj.base_layer.bias, dtype: torch.bfloat16, device: cuda:0, trainable: False
name: base_model.model.model.language_model.layers.27.self_attn.k_proj.lora_A.default.weight, dtype: torch.float32, device: cuda:0, trainable: True
name: base_model.model.model.language_model.layers.27.self_attn.k_proj.lora_B.default.weight, dtype: torch.float32, device: cuda:0, trainable: True
name: base_model.model.model.language_model.layers.27.self_attn.v_proj.base_layer.weight, dtype: torch.bfloat16, device: cuda:0, trainable: False
name: base_model.model.model.language_model.layers.27.self_attn.v_proj.base_layer.bias, dtype: torch.bfloat16, device: cuda:0, trainable: False
name: base_model.model.model.language_model.layers.27.self_attn.v_proj.lora_A.default.weight, dtype: torch.float32, device: cuda:0, trainable: True
name: base_model.model.model.language_model.layers.27.self_attn.v_proj.lora_B.default.weight, dtype: torch.float32, device: cuda:0, trainable: True
name: base_model.model.model.language_model.layers.27.self_attn.o_proj.base_layer.weight, dtype: torch.bfloat16, device: cuda:0, trainable: False
name: base_model.model.model.language_model.layers.27.self_attn.o_proj.lora_A.default.weight, dtype: torch.float32, device: cuda:0, trainable: True
name: base_model.model.model.language_model.layers.27.self_attn.o_proj.lora_B.default.weight, dtype: torch.float32, device: cuda:0, trainable: True
name: base_model.model.model.language_model.layers.27.mlp.gate_proj.base_layer.weight, dtype: torch.bfloat16, device: cuda:0, trainable: False
name: base_model.model.model.language_model.layers.27.mlp.gate_proj.lora_A.default.weight, dtype: torch.float32, device: cuda:0, trainable: True
name: base_model.model.model.language_model.layers.27.mlp.gate_proj.lora_B.default.weight, dtype: torch.float32, device: cuda:0, trainable: True
name: base_model.model.model.language_model.layers.27.mlp.up_proj.base_layer.weight, dtype: torch.bfloat16, device: cuda:0, trainable: False
name: base_model.model.model.language_model.layers.27.mlp.up_proj.lora_A.default.weight, dtype: torch.float32, device: cuda:0, trainable: True
name: base_model.model.model.language_model.layers.27.mlp.up_proj.lora_B.default.weight, dtype: torch.float32, device: cuda:0, trainable: True
name: base_model.model.model.language_model.layers.27.mlp.down_proj.base_layer.weight, dtype: torch.bfloat16, device: cuda:0, trainable: False
name: base_model.model.model.language_model.layers.27.mlp.down_proj.lora_A.default.weight, dtype: torch.float32, device: cuda:0, trainable: True
name: base_model.model.model.language_model.layers.27.mlp.down_proj.lora_B.default.weight, dtype: torch.float32, device: cuda:0, trainable: True
name: base_model.model.model.language_model.layers.27.input_layernorm.weight, dtype: torch.bfloat16, device: cuda:0, trainable: False
name: base_model.model.model.language_model.layers.27.post_attention_layernorm.weight, dtype: torch.bfloat16, device: cuda:0, trainable: False
name: base_model.model.model.language_model.norm.weight, dtype: torch.bfloat16, device: cuda:0, trainable: False
name: base_model.model.lm_head.weight, dtype: torch.bfloat16, device: cuda:0, trainable: False
[INFO|trainer.py:749] 2026-03-22 11:12:26,332 >> Using auto half precision backend
[WARNING|2026-03-22 11:12:26] llamafactory.train.callbacks:154 >> Previous trainer log in this folder will be deleted.
[WARNING|trainer.py:982] 2026-03-22 11:12:26,335 >> The tokenizer has new PAD/BOS/EOS tokens that differ from the model config and generation config. The model config and generation config were aligned accordingly, being updated with the tokenizer's values. Updated tokens: {'bos_token_id': None, 'pad_token_id': 151643}.
Currently training with a batch size of: 2
Currently training with a batch size of: 2
Currently training with a batch size of: 2
[DEBUG|trainer.py:2373] 2026-03-22 11:12:26,607 >> Currently training with a batch size of: 2
Gradient accumulation steps mismatch: GradientAccumulationPlugin has 1, DeepSpeed config has 8. Using DeepSpeed's value.
[2026-03-22 11:12:26,661] [INFO] [config.py:734:__init__] Config mesh_device None world_size = 4
[2026-03-22 11:12:26,665] [INFO] [config.py:734:__init__] Config mesh_device None world_size = 4
[2026-03-22 11:12:26,666] [INFO] [config.py:734:__init__] Config mesh_device None world_size = 4
[2026-03-22 11:12:26,705] [INFO] [logging.py:128:log_dist] [Rank 0] DeepSpeed info: version=0.16.4, git-hash=unknown, git-branch=unknown
[2026-03-22 11:12:26,705] [INFO] [config.py:734:__init__] Config mesh_device None world_size = 4
rg32303:348480:348480 [1] NCCL INFO Comm config Blocking set to 1
rg32303:348482:348482 [3] NCCL INFO Comm config Blocking set to 1
rg32303:348480:349848 [1] NCCL INFO Assigned NET plugin IB to comm
rg32303:348479:348479 [0] NCCL INFO Comm config Blocking set to 1
rg32303:348480:349848 [1] NCCL INFO Using network IB
rg32303:348481:348481 [2] NCCL INFO Comm config Blocking set to 1
rg32303:348482:349849 [3] NCCL INFO Assigned NET plugin IB to comm
rg32303:348482:349849 [3] NCCL INFO Using network IB
rg32303:348480:349848 [1] NCCL INFO ncclCommInitRankConfig comm 0x1511c7e0 rank 1 nranks 4 cudaDev 1 nvmlDev 1 busId 5f000 commId 0x9d3d9074be1ca5af - Init START
rg32303:348479:349850 [0] NCCL INFO Assigned NET plugin IB to comm
rg32303:348479:349850 [0] NCCL INFO Using network IB
rg32303:348481:349851 [2] NCCL INFO Assigned NET plugin IB to comm
rg32303:348482:349849 [3] NCCL INFO ncclCommInitRankConfig comm 0x13267c20 rank 3 nranks 4 cudaDev 3 nvmlDev 3 busId db000 commId 0x9d3d9074be1ca5af - Init START
rg32303:348481:349851 [2] NCCL INFO Using network IB
rg32303:348479:349850 [0] NCCL INFO ncclCommInitRankConfig comm 0x19de2640 rank 0 nranks 4 cudaDev 0 nvmlDev 0 busId 4e000 commId 0x9d3d9074be1ca5af - Init START
rg32303:348481:349851 [2] NCCL INFO ncclCommInitRankConfig comm 0x15e01800 rank 2 nranks 4 cudaDev 2 nvmlDev 2 busId cb000 commId 0x9d3d9074be1ca5af - Init START
rg32303:348479:349850 [0] NCCL INFO Bootstrap timings total 0.000602 (create 0.000023, send 0.000064, recv 0.000231, ring 0.000142, delay 0.000000)
rg32303:348480:349848 [1] NCCL INFO Bootstrap timings total 0.000906 (create 0.000028, send 0.000165, recv 0.000498, ring 0.000098, delay 0.000000)
rg32303:348481:349851 [2] NCCL INFO Bootstrap timings total 0.000488 (create 0.000027, send 0.000072, recv 0.000213, ring 0.000046, delay 0.000000)
rg32303:348482:349849 [3] NCCL INFO Bootstrap timings total 0.000675 (create 0.000036, send 0.000076, recv 0.000215, ring 0.000054, delay 0.000000)
rg32303:348480:349848 [1] NCCL INFO Setting affinity for GPU 1 to 0-15
rg32303:348480:349848 [1] NCCL INFO NVLS multicast support is not available on dev 1 (NVLS_NCHANNELS 0)
rg32303:348479:349850 [0] NCCL INFO Setting affinity for GPU 0 to 16-31
rg32303:348479:349850 [0] NCCL INFO NVLS multicast support is not available on dev 0 (NVLS_NCHANNELS 0)
rg32303:348482:349849 [3] NCCL INFO Setting affinity for GPU 3 to 32-47
rg32303:348482:349849 [3] NCCL INFO NVLS multicast support is not available on dev 3 (NVLS_NCHANNELS 0)
rg32303:348481:349851 [2] NCCL INFO Setting affinity for GPU 2 to 48-63
rg32303:348481:349851 [2] NCCL INFO NVLS multicast support is not available on dev 2 (NVLS_NCHANNELS 0)
rg32303:348479:349850 [0] NCCL INFO comm 0x19de2640 rank 0 nRanks 4 nNodes 1 localRanks 4 localRank 0 MNNVL 0
rg32303:348480:349848 [1] NCCL INFO comm 0x1511c7e0 rank 1 nRanks 4 nNodes 1 localRanks 4 localRank 1 MNNVL 0
rg32303:348481:349851 [2] NCCL INFO comm 0x15e01800 rank 2 nRanks 4 nNodes 1 localRanks 4 localRank 2 MNNVL 0
rg32303:348482:349849 [3] NCCL INFO comm 0x13267c20 rank 3 nRanks 4 nNodes 1 localRanks 4 localRank 3 MNNVL 0
rg32303:348479:349850 [0] NCCL INFO Channel 00/24 : 0 1 2 3
rg32303:348480:349848 [1] NCCL INFO Trees [0] 2/-1/-1->1->0 [1] 2/-1/-1->1->0 [2] 2/-1/-1->1->0 [3] 2/-1/-1->1->0 [4] 3/-1/-1->1->2 [5] 3/-1/-1->1->2 [6] 3/-1/-1->1->2 [7] 3/-1/-1->1->2 [8] 0/-1/-1->1->-1 [9] 0/-1/-1->1->-1 [10] 0/-1/-1->1->-1 [11] 0/-1/-1->1->-1 [12] 2/-1/-1->1->0 [13] 2/-1/-1->1->0 [14] 2/-1/-1->1->0 [15] 2/-1/-1->1->0 [16] 3/-1/-1->1->2 [17] 3/-1/-1->1->2 [18] 3/-1/-1->1->2 [19] 3/-1/-1->1->2 [20] 0/-1/-1->1->-1 [21] 0/-1/-1->1->-1 [22] 0/-1/-1->1->-1 [23] 0/-1/-1->1->-1
rg32303:348479:349850 [0] NCCL INFO Channel 01/24 : 0 1 3 2
rg32303:348481:349851 [2] NCCL INFO Trees [0] 3/-1/-1->2->1 [1] 3/-1/-1->2->1 [2] 3/-1/-1->2->1 [3] 3/-1/-1->2->1 [4] 1/-1/-1->2->0 [5] 1/-1/-1->2->0 [6] 1/-1/-1->2->0 [7] 1/-1/-1->2->0 [8] -1/-1/-1->2->3 [9] -1/-1/-1->2->3 [10] -1/-1/-1->2->3 [11] -1/-1/-1->2->3 [12] 3/-1/-1->2->1 [13] 3/-1/-1->2->1 [14] 3/-1/-1->2->1 [15] 3/-1/-1->2->1 [16] 1/-1/-1->2->0 [17] 1/-1/-1->2->0 [18] 1/-1/-1->2->0 [19] 1/-1/-1->2->0 [20] -1/-1/-1->2->3 [21] -1/-1/-1->2->3 [22] -1/-1/-1->2->3 [23] -1/-1/-1->2->3
rg32303:348480:349848 [1] NCCL INFO P2P Chunksize set to 524288
rg32303:348479:349850 [0] NCCL INFO Channel 02/24 : 0 2 3 1
rg32303:348482:349849 [3] NCCL INFO Trees [0] -1/-1/-1->3->2 [1] -1/-1/-1->3->2 [2] -1/-1/-1->3->2 [3] -1/-1/-1->3->2 [4] -1/-1/-1->3->1 [5] -1/-1/-1->3->1 [6] -1/-1/-1->3->1 [7] -1/-1/-1->3->1 [8] 2/-1/-1->3->0 [9] 2/-1/-1->3->0 [10] 2/-1/-1->3->0 [11] 2/-1/-1->3->0 [12] -1/-1/-1->3->2 [13] -1/-1/-1->3->2 [14] -1/-1/-1->3->2 [15] -1/-1/-1->3->2 [16] -1/-1/-1->3->1 [17] -1/-1/-1->3->1 [18] -1/-1/-1->3->1 [19] -1/-1/-1->3->1 [20] 2/-1/-1->3->0 [21] 2/-1/-1->3->0 [22] 2/-1/-1->3->0 [23] 2/-1/-1->3->0
rg32303:348481:349851 [2] NCCL INFO P2P Chunksize set to 524288
rg32303:348479:349850 [0] NCCL INFO Channel 03/24 : 0 2 1 3
rg32303:348482:349849 [3] NCCL INFO P2P Chunksize set to 524288
rg32303:348479:349850 [0] NCCL INFO Channel 04/24 : 0 3 1 2
rg32303:348479:349850 [0] NCCL INFO Channel 05/24 : 0 3 2 1
rg32303:348479:349850 [0] NCCL INFO Channel 06/24 : 0 1 2 3
rg32303:348479:349850 [0] NCCL INFO Channel 07/24 : 0 1 3 2
rg32303:348479:349850 [0] NCCL INFO Channel 08/24 : 0 2 3 1
rg32303:348479:349850 [0] NCCL INFO Channel 09/24 : 0 2 1 3
rg32303:348479:349850 [0] NCCL INFO Channel 10/24 : 0 3 1 2
rg32303:348479:349850 [0] NCCL INFO Channel 11/24 : 0 3 2 1
rg32303:348479:349850 [0] NCCL INFO Channel 12/24 : 0 1 2 3
rg32303:348479:349850 [0] NCCL INFO Channel 13/24 : 0 1 3 2
rg32303:348479:349850 [0] NCCL INFO Channel 14/24 : 0 2 3 1
rg32303:348479:349850 [0] NCCL INFO Channel 15/24 : 0 2 1 3
rg32303:348479:349850 [0] NCCL INFO Channel 16/24 : 0 3 1 2
rg32303:348479:349850 [0] NCCL INFO Channel 17/24 : 0 3 2 1
rg32303:348479:349850 [0] NCCL INFO Channel 18/24 : 0 1 2 3
rg32303:348479:349850 [0] NCCL INFO Channel 19/24 : 0 1 3 2
rg32303:348479:349850 [0] NCCL INFO Channel 20/24 : 0 2 3 1
rg32303:348479:349850 [0] NCCL INFO Channel 21/24 : 0 2 1 3
rg32303:348479:349850 [0] NCCL INFO Channel 22/24 : 0 3 1 2
rg32303:348479:349850 [0] NCCL INFO Channel 23/24 : 0 3 2 1
rg32303:348479:349850 [0] NCCL INFO Trees [0] 1/-1/-1->0->-1 [1] 1/-1/-1->0->-1 [2] 1/-1/-1->0->-1 [3] 1/-1/-1->0->-1 [4] 2/-1/-1->0->-1 [5] 2/-1/-1->0->-1 [6] 2/-1/-1->0->-1 [7] 2/-1/-1->0->-1 [8] 3/-1/-1->0->1 [9] 3/-1/-1->0->1 [10] 3/-1/-1->0->1 [11] 3/-1/-1->0->1 [12] 1/-1/-1->0->-1 [13] 1/-1/-1->0->-1 [14] 1/-1/-1->0->-1 [15] 1/-1/-1->0->-1 [16] 2/-1/-1->0->-1 [17] 2/-1/-1->0->-1 [18] 2/-1/-1->0->-1 [19] 2/-1/-1->0->-1 [20] 3/-1/-1->0->1 [21] 3/-1/-1->0->1 [22] 3/-1/-1->0->1 [23] 3/-1/-1->0->1
rg32303:348479:349850 [0] NCCL INFO P2P Chunksize set to 524288
rg32303:348482:349852 [3] NCCL INFO [Proxy Service] Device 3 CPU core 33
rg32303:348482:349853 [3] NCCL INFO [Proxy Service UDS] Device 3 CPU core 34
rg32303:348479:349850 [0] NCCL INFO Check P2P Type isAllDirectP2p 1 directMode 0
rg32303:348479:349854 [0] NCCL INFO [Proxy Service] Device 0 CPU core 25
rg32303:348479:349855 [0] NCCL INFO [Proxy Service UDS] Device 0 CPU core 26
rg32303:348481:349856 [2] NCCL INFO [Proxy Service] Device 2 CPU core 55
rg32303:348481:349857 [2] NCCL INFO [Proxy Service UDS] Device 2 CPU core 56
rg32303:348480:349858 [1] NCCL INFO [Proxy Service] Device 1 CPU core 1
rg32303:348480:349859 [1] NCCL INFO [Proxy Service UDS] Device 1 CPU core 2
rg32303:348482:349849 [3] NCCL INFO threadThresholds 8/8/64 | 32/8/64 | 512 | 512
rg32303:348482:349849 [3] NCCL INFO 24 coll channels, 24 collnet channels, 0 nvls channels, 32 p2p channels, 16 p2p channels per peer
rg32303:348480:349848 [1] NCCL INFO threadThresholds 8/8/64 | 32/8/64 | 512 | 512
rg32303:348480:349848 [1] NCCL INFO 24 coll channels, 24 collnet channels, 0 nvls channels, 32 p2p channels, 16 p2p channels per peer
rg32303:348479:349850 [0] NCCL INFO threadThresholds 8/8/64 | 32/8/64 | 512 | 512
rg32303:348479:349850 [0] NCCL INFO 24 coll channels, 24 collnet channels, 0 nvls channels, 32 p2p channels, 16 p2p channels per peer
rg32303:348479:349850 [0] NCCL INFO CC Off, workFifoBytes 1048576
rg32303:348481:349851 [2] NCCL INFO threadThresholds 8/8/64 | 32/8/64 | 512 | 512
rg32303:348481:349851 [2] NCCL INFO 24 coll channels, 24 collnet channels, 0 nvls channels, 32 p2p channels, 16 p2p channels per peer
rg32303:348482:349849 [3] NCCL INFO ncclCommInitRankConfig comm 0x13267c20 rank 3 nranks 4 cudaDev 3 nvmlDev 3 busId db000 commId 0x9d3d9074be1ca5af - Init COMPLETE
rg32303:348480:349848 [1] NCCL INFO ncclCommInitRankConfig comm 0x1511c7e0 rank 1 nranks 4 cudaDev 1 nvmlDev 1 busId 5f000 commId 0x9d3d9074be1ca5af - Init COMPLETE
rg32303:348479:349850 [0] NCCL INFO ncclCommInitRankConfig comm 0x19de2640 rank 0 nranks 4 cudaDev 0 nvmlDev 0 busId 4e000 commId 0x9d3d9074be1ca5af - Init COMPLETE
rg32303:348481:349851 [2] NCCL INFO ncclCommInitRankConfig comm 0x15e01800 rank 2 nranks 4 cudaDev 2 nvmlDev 2 busId cb000 commId 0x9d3d9074be1ca5af - Init COMPLETE
rg32303:348482:349849 [3] NCCL INFO Init timings - ncclCommInitRankConfig: rank 3 nranks 4 total 0.07 (kernels 0.00, alloc 0.00, bootstrap 0.00, allgathers 0.00, topo 0.03, graphs 0.01, connections 0.02, rest 0.01)
rg32303:348481:349851 [2] NCCL INFO Init timings - ncclCommInitRankConfig: rank 2 nranks 4 total 0.07 (kernels 0.00, alloc 0.00, bootstrap 0.00, allgathers 0.00, topo 0.03, graphs 0.01, connections 0.02, rest 0.01)
rg32303:348480:349848 [1] NCCL INFO Init timings - ncclCommInitRankConfig: rank 1 nranks 4 total 0.07 (kernels 0.00, alloc 0.00, bootstrap 0.00, allgathers 0.01, topo 0.03, graphs 0.01, connections 0.02, rest 0.01)
rg32303:348479:349850 [0] NCCL INFO Init timings - ncclCommInitRankConfig: rank 0 nranks 4 total 0.07 (kernels 0.00, alloc 0.00, bootstrap 0.00, allgathers 0.01, topo 0.03, graphs 0.01, connections 0.02, rest 0.01)
rg32303:348480:349860 [1] NCCL INFO Channel 00/0 : 1[1] -> 2[2] via P2P/CUMEM
rg32303:348479:349861 [0] NCCL INFO Channel 00/0 : 0[0] -> 1[1] via P2P/CUMEM
rg32303:348482:349863 [3] NCCL INFO Channel 00/0 : 3[3] -> 0[0] via P2P/CUMEM
rg32303:348481:349862 [2] NCCL INFO Channel 00/0 : 2[2] -> 3[3] via P2P/CUMEM
rg32303:348480:349860 [1] NCCL INFO Channel 04/0 : 1[1] -> 2[2] via P2P/CUMEM
rg32303:348479:349861 [0] NCCL INFO Channel 01/0 : 0[0] -> 1[1] via P2P/CUMEM
rg32303:348482:349863 [3] NCCL INFO Channel 03/0 : 3[3] -> 0[0] via P2P/CUMEM
rg32303:348481:349862 [2] NCCL INFO Channel 02/0 : 2[2] -> 3[3] via P2P/CUMEM
rg32303:348480:349860 [1] NCCL INFO Channel 06/0 : 1[1] -> 2[2] via P2P/CUMEM
rg32303:348481:349862 [2] NCCL INFO Channel 06/0 : 2[2] -> 3[3] via P2P/CUMEM
rg32303:348479:349861 [0] NCCL INFO Channel 06/0 : 0[0] -> 1[1] via P2P/CUMEM
rg32303:348482:349863 [3] NCCL INFO Channel 06/0 : 3[3] -> 0[0] via P2P/CUMEM
rg32303:348480:349860 [1] NCCL INFO Channel 10/0 : 1[1] -> 2[2] via P2P/CUMEM
rg32303:348480:349860 [1] NCCL INFO Channel 12/0 : 1[1] -> 2[2] via P2P/CUMEM
rg32303:348481:349862 [2] NCCL INFO Channel 08/0 : 2[2] -> 3[3] via P2P/CUMEM
rg32303:348479:349861 [0] NCCL INFO Channel 07/0 : 0[0] -> 1[1] via P2P/CUMEM
rg32303:348482:349863 [3] NCCL INFO Channel 09/0 : 3[3] -> 0[0] via P2P/CUMEM
rg32303:348482:349863 [3] NCCL INFO Channel 12/0 : 3[3] -> 0[0] via P2P/CUMEM
rg32303:348481:349862 [2] NCCL INFO Channel 12/0 : 2[2] -> 3[3] via P2P/CUMEM
rg32303:348480:349860 [1] NCCL INFO Channel 16/0 : 1[1] -> 2[2] via P2P/CUMEM
rg32303:348479:349861 [0] NCCL INFO Channel 12/0 : 0[0] -> 1[1] via P2P/CUMEM
rg32303:348479:349861 [0] NCCL INFO Channel 13/0 : 0[0] -> 1[1] via P2P/CUMEM
rg32303:348480:349860 [1] NCCL INFO Channel 18/0 : 1[1] -> 2[2] via P2P/CUMEM
rg32303:348482:349863 [3] NCCL INFO Channel 15/0 : 3[3] -> 0[0] via P2P/CUMEM
rg32303:348481:349862 [2] NCCL INFO Channel 14/0 : 2[2] -> 3[3] via P2P/CUMEM
rg32303:348479:349861 [0] NCCL INFO Channel 18/0 : 0[0] -> 1[1] via P2P/CUMEM
rg32303:348480:349860 [1] NCCL INFO Channel 22/0 : 1[1] -> 2[2] via P2P/CUMEM
rg32303:348482:349863 [3] NCCL INFO Channel 18/0 : 3[3] -> 0[0] via P2P/CUMEM
rg32303:348481:349862 [2] NCCL INFO Channel 18/0 : 2[2] -> 3[3] via P2P/CUMEM
rg32303:348479:349861 [0] NCCL INFO Channel 19/0 : 0[0] -> 1[1] via P2P/CUMEM
rg32303:348482:349863 [3] NCCL INFO Channel 21/0 : 3[3] -> 0[0] via P2P/CUMEM
rg32303:348481:349862 [2] NCCL INFO Channel 20/0 : 2[2] -> 3[3] via P2P/CUMEM
rg32303:348479:349861 [0] NCCL INFO Channel 02/0 : 0[0] -> 2[2] via P2P/CUMEM
rg32303:348480:349860 [1] NCCL INFO Channel 01/0 : 1[1] -> 3[3] via P2P/CUMEM
rg32303:348481:349862 [2] NCCL INFO Channel 01/0 : 2[2] -> 0[0] via P2P/CUMEM
rg32303:348482:349863 [3] NCCL INFO Channel 02/0 : 3[3] -> 1[1] via P2P/CUMEM
rg32303:348482:349863 [3] NCCL INFO Channel 04/0 : 3[3] -> 1[1] via P2P/CUMEM
rg32303:348479:349861 [0] NCCL INFO Channel 03/0 : 0[0] -> 2[2] via P2P/CUMEM
rg32303:348481:349862 [2] NCCL INFO Channel 04/0 : 2[2] -> 0[0] via P2P/CUMEM
rg32303:348480:349860 [1] NCCL INFO Channel 03/0 : 1[1] -> 3[3] via P2P/CUMEM
rg32303:348480:349860 [1] NCCL INFO Channel 07/0 : 1[1] -> 3[3] via P2P/CUMEM
rg32303:348482:349863 [3] NCCL INFO Channel 08/0 : 3[3] -> 1[1] via P2P/CUMEM
rg32303:348479:349861 [0] NCCL INFO Channel 08/0 : 0[0] -> 2[2] via P2P/CUMEM
rg32303:348481:349862 [2] NCCL INFO Channel 07/0 : 2[2] -> 0[0] via P2P/CUMEM
rg32303:348481:349862 [2] NCCL INFO Channel 10/0 : 2[2] -> 0[0] via P2P/CUMEM
rg32303:348480:349860 [1] NCCL INFO Channel 09/0 : 1[1] -> 3[3] via P2P/CUMEM
rg32303:348482:349863 [3] NCCL INFO Channel 10/0 : 3[3] -> 1[1] via P2P/CUMEM
rg32303:348479:349861 [0] NCCL INFO Channel 09/0 : 0[0] -> 2[2] via P2P/CUMEM
rg32303:348479:349861 [0] NCCL INFO Channel 14/0 : 0[0] -> 2[2] via P2P/CUMEM
rg32303:348480:349860 [1] NCCL INFO Channel 13/0 : 1[1] -> 3[3] via P2P/CUMEM
rg32303:348481:349862 [2] NCCL INFO Channel 13/0 : 2[2] -> 0[0] via P2P/CUMEM
rg32303:348482:349863 [3] NCCL INFO Channel 14/0 : 3[3] -> 1[1] via P2P/CUMEM
rg32303:348482:349863 [3] NCCL INFO Channel 16/0 : 3[3] -> 1[1] via P2P/CUMEM
rg32303:348479:349861 [0] NCCL INFO Channel 15/0 : 0[0] -> 2[2] via P2P/CUMEM
rg32303:348481:349862 [2] NCCL INFO Channel 16/0 : 2[2] -> 0[0] via P2P/CUMEM
rg32303:348480:349860 [1] NCCL INFO Channel 15/0 : 1[1] -> 3[3] via P2P/CUMEM
rg32303:348482:349863 [3] NCCL INFO Channel 20/0 : 3[3] -> 1[1] via P2P/CUMEM
rg32303:348479:349861 [0] NCCL INFO Channel 20/0 : 0[0] -> 2[2] via P2P/CUMEM
rg32303:348481:349862 [2] NCCL INFO Channel 19/0 : 2[2] -> 0[0] via P2P/CUMEM
rg32303:348480:349860 [1] NCCL INFO Channel 19/0 : 1[1] -> 3[3] via P2P/CUMEM
rg32303:348479:349861 [0] NCCL INFO Channel 21/0 : 0[0] -> 2[2] via P2P/CUMEM
rg32303:348482:349863 [3] NCCL INFO Channel 22/0 : 3[3] -> 1[1] via P2P/CUMEM
rg32303:348481:349862 [2] NCCL INFO Channel 22/0 : 2[2] -> 0[0] via P2P/CUMEM
rg32303:348480:349860 [1] NCCL INFO Channel 21/0 : 1[1] -> 3[3] via P2P/CUMEM
rg32303:348479:349861 [0] NCCL INFO Channel 04/0 : 0[0] -> 3[3] via P2P/CUMEM
rg32303:348481:349862 [2] NCCL INFO Channel 03/0 : 2[2] -> 1[1] via P2P/CUMEM
rg32303:348479:349861 [0] NCCL INFO Channel 05/0 : 0[0] -> 3[3] via P2P/CUMEM
rg32303:348481:349862 [2] NCCL INFO Channel 05/0 : 2[2] -> 1[1] via P2P/CUMEM
rg32303:348482:349863 [3] NCCL INFO Channel 01/0 : 3[3] -> 2[2] via P2P/CUMEM
rg32303:348482:349863 [3] NCCL INFO Channel 05/0 : 3[3] -> 2[2] via P2P/CUMEM
rg32303:348479:349861 [0] NCCL INFO Channel 10/0 : 0[0] -> 3[3] via P2P/CUMEM
rg32303:348480:349860 [1] NCCL INFO Channel 02/0 : 1[1] -> 0[0] via P2P/CUMEM
rg32303:348481:349862 [2] NCCL INFO Channel 09/0 : 2[2] -> 1[1] via P2P/CUMEM
rg32303:348481:349862 [2] NCCL INFO Channel 11/0 : 2[2] -> 1[1] via P2P/CUMEM
rg32303:348482:349863 [3] NCCL INFO Channel 07/0 : 3[3] -> 2[2] via P2P/CUMEM
rg32303:348479:349861 [0] NCCL INFO Channel 11/0 : 0[0] -> 3[3] via P2P/CUMEM
rg32303:348480:349860 [1] NCCL INFO Channel 05/0 : 1[1] -> 0[0] via P2P/CUMEM
rg32303:348481:349862 [2] NCCL INFO Channel 15/0 : 2[2] -> 1[1] via P2P/CUMEM
rg32303:348482:349863 [3] NCCL INFO Channel 11/0 : 3[3] -> 2[2] via P2P/CUMEM
rg32303:348479:349861 [0] NCCL INFO Channel 16/0 : 0[0] -> 3[3] via P2P/CUMEM
rg32303:348480:349860 [1] NCCL INFO Channel 08/0 : 1[1] -> 0[0] via P2P/CUMEM
rg32303:348481:349862 [2] NCCL INFO Channel 17/0 : 2[2] -> 1[1] via P2P/CUMEM
rg32303:348479:349861 [0] NCCL INFO Channel 17/0 : 0[0] -> 3[3] via P2P/CUMEM
rg32303:348482:349863 [3] NCCL INFO Channel 13/0 : 3[3] -> 2[2] via P2P/CUMEM
rg32303:348480:349860 [1] NCCL INFO Channel 11/0 : 1[1] -> 0[0] via P2P/CUMEM
rg32303:348481:349862 [2] NCCL INFO Channel 21/0 : 2[2] -> 1[1] via P2P/CUMEM
rg32303:348479:349861 [0] NCCL INFO Channel 22/0 : 0[0] -> 3[3] via P2P/CUMEM
rg32303:348482:349863 [3] NCCL INFO Channel 17/0 : 3[3] -> 2[2] via P2P/CUMEM
rg32303:348480:349860 [1] NCCL INFO Channel 14/0 : 1[1] -> 0[0] via P2P/CUMEM
rg32303:348481:349862 [2] NCCL INFO Channel 23/0 : 2[2] -> 1[1] via P2P/CUMEM
rg32303:348479:349861 [0] NCCL INFO Channel 23/0 : 0[0] -> 3[3] via P2P/CUMEM
rg32303:348482:349863 [3] NCCL INFO Channel 19/0 : 3[3] -> 2[2] via P2P/CUMEM
rg32303:348480:349860 [1] NCCL INFO Channel 17/0 : 1[1] -> 0[0] via P2P/CUMEM
rg32303:348480:349860 [1] NCCL INFO Channel 20/0 : 1[1] -> 0[0] via P2P/CUMEM
rg32303:348482:349863 [3] NCCL INFO Channel 23/0 : 3[3] -> 2[2] via P2P/CUMEM
rg32303:348480:349860 [1] NCCL INFO Channel 23/0 : 1[1] -> 0[0] via P2P/CUMEM
rg32303:348482:349863 [3] NCCL INFO Connected all rings, use ring PXN 0 GDR 1
rg32303:348481:349862 [2] NCCL INFO Connected all rings, use ring PXN 0 GDR 1
rg32303:348479:349861 [0] NCCL INFO Connected all rings, use ring PXN 0 GDR 1
rg32303:348480:349860 [1] NCCL INFO Connected all rings, use ring PXN 0 GDR 1
[2026-03-22 11:12:27,151] [INFO] [logging.py:128:log_dist] [Rank 0] DeepSpeed Flops Profiler Enabled: False
[2026-03-22 11:12:27,156] [INFO] [logging.py:128:log_dist] [Rank 0] Using client Optimizer as basic optimizer
[2026-03-22 11:12:27,156] [INFO] [logging.py:128:log_dist] [Rank 0] Removing param_group that has no 'params' in the basic Optimizer
[2026-03-22 11:12:27,198] [INFO] [logging.py:128:log_dist] [Rank 0] DeepSpeed Basic Optimizer = AdamW
[2026-03-22 11:12:27,198] [INFO] [utils.py:59:is_zero_supported_optimizer] Checking ZeRO support for optimizer=AdamW type=<class 'torch.optim.adamw.AdamW'>
[2026-03-22 11:12:27,198] [INFO] [logging.py:128:log_dist] [Rank 0] Creating torch.bfloat16 ZeRO stage 2 optimizer
[2026-03-22 11:12:27,198] [INFO] [stage_1_and_2.py:149:__init__] Reduce bucket size 500000000
[2026-03-22 11:12:27,198] [INFO] [stage_1_and_2.py:150:__init__] Allgather bucket size 500000000
[2026-03-22 11:12:27,198] [INFO] [stage_1_and_2.py:151:__init__] CPU Offload: False
[2026-03-22 11:12:27,198] [INFO] [stage_1_and_2.py:152:__init__] Round robin gradient partitioning: True
***** Running training *****
  Num examples = 27,214
  Num Epochs = 1
  Instantaneous batch size per device = 2
  Total train batch size (w. parallel, distributed & accumulation) = 64
  Gradient Accumulation steps = 8
  Total optimization steps = 426
***** Running training *****
  Num examples = 27,214
  Num Epochs = 1
  Instantaneous batch size per device = 2
  Total train batch size (w. parallel, distributed & accumulation) = 64
  Gradient Accumulation steps = 8
  Total optimization steps = 426
  Number of trainable parameters = 20,185,088
***** Running training *****
  Num examples = 27,214
  Num Epochs = 1
  Instantaneous batch size per device = 2
  Total train batch size (w. parallel, distributed & accumulation) = 64
  Gradient Accumulation steps = 8
  Number of trainable parameters = 20,185,088
  Total optimization steps = 426
  Number of trainable parameters = 20,185,088
[2026-03-22 11:12:27,456] [INFO] [utils.py:781:see_memory_usage] Before initializing optimizer states
[2026-03-22 11:12:27,457] [INFO] [utils.py:782:see_memory_usage] MA 15.5 GB         Max_MA 15.51 GB         CA 15.53 GB         Max_CA 16 GB 
[2026-03-22 11:12:27,457] [INFO] [utils.py:789:see_memory_usage] CPU Virtual Memory:  used = 38.88 GB, percent = 7.7%
[2026-03-22 11:12:27,664] [INFO] [utils.py:781:see_memory_usage] After initializing optimizer states
[2026-03-22 11:12:27,665] [INFO] [utils.py:782:see_memory_usage] MA 15.5 GB         Max_MA 15.52 GB         CA 15.55 GB         Max_CA 16 GB 
[2026-03-22 11:12:27,665] [INFO] [utils.py:789:see_memory_usage] CPU Virtual Memory:  used = 39.0 GB, percent = 7.7%
[2026-03-22 11:12:27,665] [INFO] [stage_1_and_2.py:550:__init__] optimizer state initialized
[2026-03-22 11:12:27,872] [INFO] [utils.py:781:see_memory_usage] After initializing ZeRO optimizer
[2026-03-22 11:12:27,873] [INFO] [utils.py:782:see_memory_usage] MA 15.5 GB         Max_MA 15.5 GB         CA 15.55 GB         Max_CA 16 GB 
[2026-03-22 11:12:27,873] [INFO] [utils.py:789:see_memory_usage] CPU Virtual Memory:  used = 39.64 GB, percent = 7.9%
[2026-03-22 11:12:27,876] [INFO] [logging.py:128:log_dist] [Rank 0] DeepSpeed Final Optimizer = DeepSpeedZeroOptimizer
[2026-03-22 11:12:27,876] [INFO] [logging.py:128:log_dist] [Rank 0] DeepSpeed using configured LR scheduler = None
[2026-03-22 11:12:27,876] [INFO] [logging.py:128:log_dist] [Rank 0] DeepSpeed LR Scheduler = None
[2026-03-22 11:12:27,876] [INFO] [logging.py:128:log_dist] [Rank 0] step=0, skipped=0, lr=[0.0], mom=[(0.9, 0.999)]
[2026-03-22 11:12:27,882] [INFO] [config.py:1001:print] DeepSpeedEngine configuration:
[2026-03-22 11:12:27,883] [INFO] [config.py:1005:print]   activation_checkpointing_config  {
    "partition_activations": false, 
    "contiguous_memory_optimization": false, 
    "cpu_checkpointing": false, 
    "number_checkpoints": null, 
    "synchronize_checkpoint_boundary": false, 
    "profile": false
}
[2026-03-22 11:12:27,883] [INFO] [config.py:1005:print]   aio_config ................... {'block_size': 1048576, 'queue_depth': 8, 'intra_op_parallelism': 1, 'single_submit': False, 'overlap_events': True, 'use_gds': False}
[2026-03-22 11:12:27,883] [INFO] [config.py:1005:print]   amp_enabled .................. False
[2026-03-22 11:12:27,883] [INFO] [config.py:1005:print]   amp_params ................... False
[2026-03-22 11:12:27,883] [INFO] [config.py:1005:print]   autotuning_config ............ {
    "enabled": false, 
    "start_step": null, 
    "end_step": null, 
    "metric_path": null, 
    "arg_mappings": null, 
    "metric": "throughput", 
    "model_info": null, 
    "results_dir": "autotuning_results", 
    "exps_dir": "autotuning_exps", 
    "overwrite": true, 
    "fast": true, 
    "start_profile_step": 3, 
    "end_profile_step": 5, 
    "tuner_type": "gridsearch", 
    "tuner_early_stopping": 5, 
    "tuner_num_trials": 50, 
    "model_info_path": null, 
    "mp_size": 1, 
    "max_train_batch_size": null, 
    "min_train_batch_size": 1, 
    "max_train_micro_batch_size_per_gpu": 1.024000e+03, 
    "min_train_micro_batch_size_per_gpu": 1, 
    "num_tuning_micro_batch_sizes": 3
}
[2026-03-22 11:12:27,883] [INFO] [config.py:1005:print]   bfloat16_enabled ............. True
[2026-03-22 11:12:27,883] [INFO] [config.py:1005:print]   bfloat16_immediate_grad_update  False
[2026-03-22 11:12:27,883] [INFO] [config.py:1005:print]   checkpoint_parallel_write_pipeline  False
[2026-03-22 11:12:27,883] [INFO] [config.py:1005:print]   checkpoint_tag_validation_enabled  True
[2026-03-22 11:12:27,883] [INFO] [config.py:1005:print]   checkpoint_tag_validation_fail  False
[2026-03-22 11:12:27,883] [INFO] [config.py:1005:print]   comms_config ................. <deepspeed.comm.config.DeepSpeedCommsConfig object at 0x14d5d0294230>
[2026-03-22 11:12:27,883] [INFO] [config.py:1005:print]   communication_data_type ...... None
