Warning: Could not detect cluster from PS1 or HOSTNAME. Defaulting to RORQUAL.
HF_HOME: /scratch/indrisch/huggingface/hub
HF_HUB_CACHE: /scratch/indrisch/huggingface/hub
TRITON_CACHE_DIR: /project/def-wangcs/indrisch/.triton_cache
FLASHINFER_WORKSPACE_BASE: /project/def-wangcs/indrisch/
BEST_GPU: h100
TORCH_EXTENSIONS_DIR: None
SIF_FILE: /scratch/indrisch/huggingface/hub/datasets--cvis-tmu--easyr1_verl_sif/snapshots/382a3b3e54a9fa9450c6c99dd83efaa2f0ca4a5a/llamafactory.sif
MEDIA_DIR: /scratch/indrisch/data/
RUNNING_MODE: APPTAINER
=== HOST DIAGNOSTICS ===
HOSTNAME: tg11207.tamia.ecpia.ca
CUDA_VISIBLE_DEVICES: 0,1,2,3
SLURM_GPUS: 
SLURM_JOB_GPUS: 0,1,2,3
Mon Apr 13 12:28:41 2026       
+-----------------------------------------------------------------------------------------+
| NVIDIA-SMI 570.211.01             Driver Version: 570.211.01     CUDA Version: 12.8     |
|-----------------------------------------+------------------------+----------------------+
| GPU  Name                 Persistence-M | Bus-Id          Disp.A | Volatile Uncorr. ECC |
| Fan  Temp   Perf          Pwr:Usage/Cap |           Memory-Usage | GPU-Util  Compute M. |
|                                         |                        |               MIG M. |
|=========================================+========================+======================|
|   0  NVIDIA H100 80GB HBM3          On  |   00000000:4E:00.0 Off |                    0 |
| N/A   51C    P0             73W /  700W |       0MiB /  81559MiB |      0%      Default |
|                                         |                        |             Disabled |
+-----------------------------------------+------------------------+----------------------+
|   1  NVIDIA H100 80GB HBM3          On  |   00000000:5F:00.0 Off |                    0 |
| N/A   51C    P0             77W /  700W |       0MiB /  81559MiB |      0%      Default |
|                                         |                        |             Disabled |
+-----------------------------------------+------------------------+----------------------+
|   2  NVIDIA H100 80GB HBM3          On  |   00000000:CB:00.0 Off |                    0 |
| N/A   50C    P0             73W /  700W |       0MiB /  81559MiB |      0%      Default |
|                                         |                        |             Disabled |
+-----------------------------------------+------------------------+----------------------+
|   3  NVIDIA H100 80GB HBM3          On  |   00000000:DB:00.0 Off |                    0 |
| N/A   51C    P0             76W /  700W |       0MiB /  81559MiB |      0%      Default |
|                                         |                        |             Disabled |
+-----------------------------------------+------------------------+----------------------+
                                                                                         
+-----------------------------------------------------------------------------------------+
| Processes:                                                                              |
|  GPU   GI   CI              PID   Type   Process name                        GPU Memory |
|        ID   ID                                                               Usage      |
|=========================================================================================|
|  No running processes found                                                             |
+-----------------------------------------------------------------------------------------+
crw-rw-rw- 1 root root 195,   0 Mar 16 19:17 /dev/nvidia0
crw-rw-rw- 1 root root 195,   1 Mar 16 19:17 /dev/nvidia1
crw-rw-rw- 1 root root 195,   2 Mar 16 19:17 /dev/nvidia2
crw-rw-rw- 1 root root 195,   3 Mar 16 19:17 /dev/nvidia3
crw-rw-rw- 1 root root 195, 255 Mar 16 19:17 /dev/nvidiactl
crw-rw-rw- 1 root root 195, 254 Mar 16 19:17 /dev/nvidia-modeset
crw-rw-rw- 1 root root 506,   0 Mar 16 19:17 /dev/nvidia-uvm
crw-rw-rw- 1 root root 506,   1 Mar 16 19:17 /dev/nvidia-uvm-tools

/dev/nvidia-caps:
total 0
drwxr-xr-x  2 root root     80 Mar 16 19:17 .
drwxr-xr-x 24 root root   4920 Mar 16 19:17 ..
cr--------  1 root root 237, 1 Mar 16 19:17 nvidia-cap1
cr--r--r--  1 root root 237, 2 Mar 16 19:17 nvidia-cap2
=== END HOST DIAGNOSTICS ===
Found NVIDIA driver libs at: /usr/lib64/nvidia
=== APPTAINER GPU SANITY TEST ===
FATAL:   While checking container encryption: could not open image /scratch/indrisch/huggingface/hub/datasets--cvis-tmu--easyr1_verl_sif/snapshots/382a3b3e54a9fa9450c6c99dd83efaa2f0ca4a5a/llamafactory.sif: failed to retrieve path for /scratch/indrisch/huggingface/hub/datasets--cvis-tmu--easyr1_verl_sif/snapshots/382a3b3e54a9fa9450c6c99dd83efaa2f0ca4a5a/llamafactory.sif: lstat /scratch/indrisch: no such file or directory
=== END APPTAINER GPU SANITY TEST (exit code: 255) ===
FATAL:   While checking container encryption: could not open image /scratch/indrisch/huggingface/hub/datasets--cvis-tmu--easyr1_verl_sif/snapshots/382a3b3e54a9fa9450c6c99dd83efaa2f0ca4a5a/llamafactory.sif: failed to retrieve path for /scratch/indrisch/huggingface/hub/datasets--cvis-tmu--easyr1_verl_sif/snapshots/382a3b3e54a9fa9450c6c99dd83efaa2f0ca4a5a/llamafactory.sif: lstat /scratch/indrisch: no such file or directory
