HF_HOME: /scratch/indrisch/huggingface/hub
HF_HUB_CACHE: /scratch/indrisch/huggingface/hub
TRITON_CACHE_DIR: /scratch/indrisch/.triton_cache
FLASHINFER_WORKSPACE_BASE: /scratch/indrisch/
BEST_GPU: h100
TORCH_EXTENSIONS_DIR: /scratch/indrisch/.cache/torch_extensions
SIF_FILE: /scratch/indrisch/huggingface/hub/datasets--cvis-tmu--compute_canada_sif_files/snapshots/382a3b3e54a9fa9450c6c99dd83efaa2f0ca4a5a/llamafactory.sif
MEDIA_DIR: /scratch/indrisch/ScanNet_h5
VENV_LLAMAFACTORY: /scratch/indrisch/venv_llamafactory_cu126/

==========
== CUDA ==
==========

CUDA Version 12.4.1

Container image Copyright (c) 2016-2023, NVIDIA CORPORATION & AFFILIATES. All rights reserved.

This container image and its contents are governed by the NVIDIA Deep Learning Container License.
By pulling and using the container, you accept the terms and conditions of this license:
https://developer.nvidia.com/ngc/nvidia-deep-learning-container-license

A copy of this license is made available in this container at /NGC-DL-CONTAINER-LICENSE for your convenience.

WARNING: The NVIDIA Driver was not detected.  GPU functionality will not be available.
   Use the NVIDIA Container Toolkit to start this container with GPU support; see
   https://docs.nvidia.com/datacenter/cloud-native/ .

