
==========
== CUDA ==
==========

CUDA Version 12.4.1

Container image Copyright (c) 2016-2023, NVIDIA CORPORATION & AFFILIATES. All rights reserved.

This container image and its contents are governed by the NVIDIA Deep Learning Container License.
By pulling and using the container, you accept the terms and conditions of this license:
https://developer.nvidia.com/ngc/nvidia-deep-learning-container-license

A copy of this license is made available in this container at /NGC-DL-CONTAINER-LICENSE for your convenience.

Traceback (most recent call last):
  File "/opt/conda/bin/llamafactory-cli", line 7, in <module>
    sys.exit(main())
             ^^^^^^
  File "/app/src/llamafactory/cli.py", line 17, in main
    from .extras.misc import is_env_enabled
  File "/app/src/llamafactory/extras/misc.py", line 25, in <module>
    import transformers.dynamic_module_utils
  File "/home/indrisch/.local/lib/python3.11/site-packages/transformers/__init__.py", line 27, in <module>
    from . import dependency_versions_check
  File "/home/indrisch/.local/lib/python3.11/site-packages/transformers/dependency_versions_check.py", line 16, in <module>
    from .utils.versions import require_version, require_version_core
ModuleNotFoundError: No module named 'transformers.utils'
